[backblue.gif]
[fade.gif]
[index.html]
[docserver.userland.com/mainResponderResources/userlandIcons/thisIsAManilaSite2.gif]
[docserver.userland.com/default.html]
[docserver.userland.com/index.html]
[docserver.userland.com/alphabeticalIndex.html]
[docserver.userland.com/basic/index.html]
[docserver.userland.com/coercion/index.html]
[docserver.userland.com/keywords/index.html]
[docserver.userland.com/operators/index.html]
[docserver.userland.com/base64/index.html]
[docserver.userland.com/bit/index.html]
[docserver.userland.com/db/index.html]
[docserver.userland.com/dll/index.html]
[docserver.userland.com/export/index.html]
[docserver.userland.com/fatPages/index.html]
[docserver.userland.com/file/index.html]
[docserver.userland.com/Frontier/index.html]
[docserver.userland.com/launch/index.html]
[docserver.userland.com/log/index.html]
[docserver.userland.com/people/index.html]
[docserver.userland.com/point/index.html]
[docserver.userland.com/re/index.html]
[docserver.userland.com/rectangle/index.html]
[docserver.userland.com/rootUpdates/index.html]
[docserver.userland.com/scheduler/index.html]
[docserver.userland.com/searchEngine/index.html]
[docserver.userland.com/semaphore/index.html]
[docserver.userland.com/stack/index.html]
[docserver.userland.com/string/index.html]
[docserver.userland.com/sys/index.html]
[docserver.userland.com/table/index.html]
[docserver.userland.com/thread/index.html]
[docserver.userland.com/xml/index.html]
[docserver.userland.com/op/index.html]
[docserver.userland.com/script/index.html]
[docserver.userland.com/target/index.html]
[docserver.userland.com/window/index.html]
[docserver.userland.com/wp/index.html]
[docserver.userland.com/html/index.html]
[docserver.userland.com/macros/index.html]
[docserver.userland.com/mainResponder/index.html]
[docserver.userland.com/webBrowser/index.html]
[docserver.userland.com/webServer/index.html]
[docserver.userland.com/clock/index.html]
[docserver.userland.com/date/index.html]
[docserver.userland.com/betty/index.html]
[docserver.userland.com/inetd/index.html]
[docserver.userland.com/soap/index.html]
[docserver.userland.com/tcp/index.html]
[docserver.userland.com/clipboard/index.html]
[docserver.userland.com/dialog/index.html]
[docserver.userland.com/editMenu/index.html]
[docserver.userland.com/fileMenu/index.html]
[docserver.userland.com/kb/index.html]
[docserver.userland.com/menu/index.html]
[docserver.userland.com/mouse/index.html]
[docserver.userland.com/searchVerb/index.html]
[docserver.userland.com/speaker/index.html]
[docserver.userland.com/com/index.html]
[docserver.userland.com/winRegistry/index.html]
[docserver.userland.com/winShell/index.html]
[docserver.userland.com/app/index.html]
[docserver.userland.com/core/index.html]
[docserver.userland.com/Finder/index.html]
[docserver.userland.com/misc/index.html]
[docserver.userland.com/objectModel/index.html]
[docserver.userland.com/osa/index.html]
[docserver.userland.com/pict/index.html]
[docserver.userland.com/quickTime/index.html]
[docserver.userland.com/required/index.html]
[docserver.userland.com/rez/index.html]
[docserver.userland.com/ubase/index.html]
[docserver.userland.com/mainResponderResources/icons/folder2.gif]
[docserver.userland.com/mainResponderResources/icons/user.gif]
[docserver.userland.com/mainResponderResources/icons/leftArrow.gif]
[docserver.userland.com/discuss/msgReader$0.html]
[docserver.userland.com/discuss/msgReader$1207.html]
[docserver.userland.com/basic/abs.html]
[docserver.userland.com/basic/appleEvent.html]
[docserver.userland.com/basic/callScript.html]
[docserver.userland.com/basic/callXCMD.html]
[docserver.userland.com/basic/close.html]
[docserver.userland.com/basic/complexEvent.html]
[docserver.userland.com/basic/countAppleListItems.html]
[docserver.userland.com/basic/DDEEvent.html]
[docserver.userland.com/basic/defined.html]
[docserver.userland.com/basic/delete.html]
[docserver.userland.com/basic/direction.html]
[docserver.userland.com/basic/displayString.html]
[docserver.userland.com/basic/edit.html]
[docserver.userland.com/basic/evaluate.html]
[docserver.userland.com/basic/finderEvent.html]
[docserver.userland.com/basic/gestalt.html]
[docserver.userland.com/basic/getAppleListItem.html]
[docserver.userland.com/basic/getBinaryType.html]
[docserver.userland.com/basic/getEventAttribute.html]
[docserver.userland.com/basic/indexOf.html]
[docserver.userland.com/basic/insertionLoc.html]
[docserver.userland.com/basic/memAvail.html]
[docserver.userland.com/basic/mod.html]
[docserver.userland.com/basic/msg.html]
[docserver.userland.com/basic/namedElement.html]
[docserver.userland.com/basic/nameOf.html]
[docserver.userland.com/basic/new.html]
[docserver.userland.com/basic/nthElement.html]
[docserver.userland.com/basic/nthWindow.html]
[docserver.userland.com/basic/pack.html]
[docserver.userland.com/basic/parentOf.html]
[docserver.userland.com/basic/property.html]
[docserver.userland.com/basic/putAppleListItem.html]
[docserver.userland.com/basic/random.html]
[docserver.userland.com/basic/rollBeachBall.html]
[docserver.userland.com/basic/runSelection.html]
[docserver.userland.com/basic/scriptError.html]
[docserver.userland.com/basic/setBinaryType.html]
[docserver.userland.com/basic/setEventInteraction.html]
[docserver.userland.com/basic/setEventTimeOut.html]
[docserver.userland.com/basic/setEventTransactionID.html]
[docserver.userland.com/basic/setObj.html]
[docserver.userland.com/basic/setTimeCreated.html]
[docserver.userland.com/basic/setTimeModified.html]
[docserver.userland.com/basic/sizeOf.html]
[docserver.userland.com/basic/sysCrash.html]
[docserver.userland.com/basic/systemEvent.html]
[docserver.userland.com/basic/tableEvent.html]
[docserver.userland.com/basic/timeCreated.html]
[docserver.userland.com/basic/timeModified.html]
[docserver.userland.com/basic/transactionEvent.html]
[docserver.userland.com/basic/typeOf.html]
[docserver.userland.com/basic/unpack.html]
[docserver.userland.com/coercion/address.html]
[docserver.userland.com/coercion/alias.html]
[docserver.userland.com/coercion/binary.html]
[docserver.userland.com/coercion/boolean.html]
[docserver.userland.com/coercion/char.html]
[docserver.userland.com/coercion/coerceValue.html]
[docserver.userland.com/coercion/date.html]
[docserver.userland.com/coercion/double.html]
[docserver.userland.com/coercion/enum.html]
[docserver.userland.com/coercion/filespec.html]
[docserver.userland.com/coercion/fixed.html]
[docserver.userland.com/coercion/list.html]
[docserver.userland.com/coercion/long.html]
[docserver.userland.com/coercion/number.html]
[docserver.userland.com/coercion/objspec.html]
[docserver.userland.com/coercion/point.html]
[docserver.userland.com/coercion/record.html]
[docserver.userland.com/coercion/rect.html]
[docserver.userland.com/coercion/rgb.html]
[docserver.userland.com/coercion/short.html]
[docserver.userland.com/coercion/single.html]
[docserver.userland.com/coercion/string.html]
[docserver.userland.com/coercion/string4.html]
[docserver.userland.com/keywords/and.html]
[docserver.userland.com/keywords/beginsWith.html]
[docserver.userland.com/keywords/break.html]
[docserver.userland.com/keywords/bundle.html]
[docserver.userland.com/keywords/case.html]
[docserver.userland.com/keywords/contains.html]
[docserver.userland.com/keywords/continue.html]
[docserver.userland.com/keywords/endsWith.html]
[docserver.userland.com/keywords/equals.html]
[docserver.userland.com/keywords/fileloop.html]
[docserver.userland.com/keywords/for.html]
[docserver.userland.com/keywords/if.html]
[docserver.userland.com/keywords/kernel.html]
[docserver.userland.com/keywords/local.html]
[docserver.userland.com/keywords/loop.html]
[docserver.userland.com/keywords/not.html]
[docserver.userland.com/keywords/notEquals.html]
[docserver.userland.com/keywords/on.html]
[docserver.userland.com/keywords/or.html]
[docserver.userland.com/keywords/return.html]
[docserver.userland.com/keywords/this.html]
[docserver.userland.com/keywords/try.html]
[docserver.userland.com/keywords/while.html]
[docserver.userland.com/keywords/with.html]
[docserver.userland.com/operators/addressOf.html]
[docserver.userland.com/operators/assignment.html]
[docserver.userland.com/operators/curlyBraces.html]
[docserver.userland.com/operators/deref.html]
[docserver.userland.com/operators/divide.html]
[docserver.userland.com/operators/dot.html]
[docserver.userland.com/operators/doubleQuote.html]
[docserver.userland.com/operators/equality.html]
[docserver.userland.com/operators/for-in.html]
[docserver.userland.com/operators/greaterThan.html]
[docserver.userland.com/operators/greaterThanOrEqual.html]
[docserver.userland.com/operators/lessThan.html]
[docserver.userland.com/operators/lessThanOrEqual.html]
[docserver.userland.com/operators/minus.html]
[docserver.userland.com/operators/minusMinus.html]
[docserver.userland.com/operators/mod.html]
[docserver.userland.com/operators/notEquals.html]
[docserver.userland.com/operators/parens.html]
[docserver.userland.com/operators/plus.html]
[docserver.userland.com/operators/plusPlus.html]
[docserver.userland.com/operators/semicolon.html]
[docserver.userland.com/operators/squareBrackets.html]
[docserver.userland.com/operators/star.html]
[docserver.userland.com/base64/decode.html]
[docserver.userland.com/base64/encode.html]
[docserver.userland.com/bit/clear.html]
[docserver.userland.com/bit/get.html]
[docserver.userland.com/bit/set.html]
[docserver.userland.com/bit/shiftRight.html]
[docserver.userland.com/bit/shiftLeft.html]
[docserver.userland.com/bit/logicalXOr.html]
[docserver.userland.com/bit/logicalOr.html]
[docserver.userland.com/bit/logicalAnd.html]
[docserver.userland.com/db/close.html]
[docserver.userland.com/db/countItems.html]
[docserver.userland.com/db/defined.html]
[docserver.userland.com/db/delete.html]
[docserver.userland.com/db/get.html]
[docserver.userland.com/db/getModDate.html]
[docserver.userland.com/db/getNthItem.html]
[docserver.userland.com/db/getValue.html]
[docserver.userland.com/db/isTable.html]
[docserver.userland.com/db/new.html]
[docserver.userland.com/db/newTable.html]
[docserver.userland.com/db/open.html]
[docserver.userland.com/db/save.html]
[docserver.userland.com/db/set.html]
[docserver.userland.com/db/setValue.html]
[docserver.userland.com/dll/call.html]
[docserver.userland.com/dll/isLoaded.html]
[docserver.userland.com/dll/load.html]
[docserver.userland.com/dll/unload.html]
[docserver.userland.com/export/addToLog.html]
[docserver.userland.com/export/sendFolder.html]
[docserver.userland.com/export/sendObject.html]
[docserver.userland.com/fatPages/dataIsFat.html]
[docserver.userland.com/fatPages/fileIsFat.html]
[docserver.userland.com/fatPages/getFromFile.html]
[docserver.userland.com/fatPages/getPageData.html]
[docserver.userland.com/fatPages/importFatFile.html]
[docserver.userland.com/file/bytesInFolder.html]
[docserver.userland.com/file/bytesOnVolume.html]
[docserver.userland.com/file/bytesOnVolumeDouble.html]
[docserver.userland.com/file/close.html]
[docserver.userland.com/file/compare.html]
[docserver.userland.com/file/copy.html]
[docserver.userland.com/file/copyDataFork.html]
[docserver.userland.com/file/copyResourceFork.html]
[docserver.userland.com/file/copyToSystemFolder.html]
[docserver.userland.com/file/countLines.html]
[docserver.userland.com/file/countVolumes.html]
[docserver.userland.com/file/created.html]
[docserver.userland.com/file/creator.html]
[docserver.userland.com/file/delete.html]
[docserver.userland.com/file/deleteFolder.html]
[docserver.userland.com/file/eject.html]
[docserver.userland.com/file/emptyFolder.html]
[docserver.userland.com/file/endOfFile.html]
[docserver.userland.com/file/exists.html]
[docserver.userland.com/file/fileFromPath.html]
[docserver.userland.com/file/filesInFolder.html]
[docserver.userland.com/file/filesOnVolume.html]
[docserver.userland.com/file/fileToURL.html]
[docserver.userland.com/file/filteredCopy.html]
[docserver.userland.com/file/findApplication.html]
[docserver.userland.com/file/findInFile.html]
[docserver.userland.com/file/findInFolder.html]
[docserver.userland.com/file/folderFromPath.html]
[docserver.userland.com/file/foldersInFolder.html]
[docserver.userland.com/file/foldersOnVolume.html]
[docserver.userland.com/file/followAlias.html]
[docserver.userland.com/file/freeSpaceOnVolume.html]
[docserver.userland.com/file/freeSpaceOnVolumeDouble.html]
[docserver.userland.com/file/getComment.html]
[docserver.userland.com/file/getDiskDialog.html]
[docserver.userland.com/file/getEndOfFile.html]
[docserver.userland.com/file/getFileDialog.html]
[docserver.userland.com/file/getFolderDialog.html]
[docserver.userland.com/file/getFullVersion.html]
[docserver.userland.com/file/getIconPos.html]
[docserver.userland.com/file/getLabel.html]
[docserver.userland.com/file/getMp3Info.html]
[docserver.userland.com/file/getPath.html]
[docserver.userland.com/file/getPathChar.html]
[docserver.userland.com/file/getPosition.html]
[docserver.userland.com/file/getPrefsSubfolder.html]
[docserver.userland.com/file/getSpecialFolderPath.html]
[docserver.userland.com/file/getSystemDisk.html]
[docserver.userland.com/file/getSystemFolderPath.html]
[docserver.userland.com/file/getVersion.html]
[docserver.userland.com/file/hasBundle.html]
[docserver.userland.com/file/isAlias.html]
[docserver.userland.com/file/isBusy.html]
[docserver.userland.com/file/isEjectable.html]
[docserver.userland.com/file/isFolder.html]
[docserver.userland.com/file/isLocked.html]
[docserver.userland.com/file/isVisible.html]
[docserver.userland.com/file/isVolume.html]
[docserver.userland.com/file/lock.html]
[docserver.userland.com/file/modified.html]
[docserver.userland.com/file/mountServerVolume.html]
[docserver.userland.com/file/move.html]
[docserver.userland.com/file/new.html]
[docserver.userland.com/file/newAlias.html]
[docserver.userland.com/file/newer.html]
[docserver.userland.com/file/newFolder.html]
[docserver.userland.com/file/open.html]
[docserver.userland.com/file/openFolder.html]
[docserver.userland.com/file/putFileDialog.html]
[docserver.userland.com/file/read.html]
[docserver.userland.com/file/readLine.html]
[docserver.userland.com/file/readWholeFile.html]
[docserver.userland.com/file/reconcileFolder.html]
[docserver.userland.com/file/rename.html]
[docserver.userland.com/file/resolveAlias.html]
[docserver.userland.com/file/reveal.html]
[docserver.userland.com/file/setBundle.html]
[docserver.userland.com/file/setComment.html]
[docserver.userland.com/file/setCreated.html]
[docserver.userland.com/file/setCreator.html]
[docserver.userland.com/file/setFullVersion.html]
[docserver.userland.com/file/setIconPos.html]
[docserver.userland.com/file/setLabel.html]
[docserver.userland.com/file/setModified.html]
[docserver.userland.com/file/setPath.html]
[docserver.userland.com/file/setPosition.html]
[docserver.userland.com/file/setType.html]
[docserver.userland.com/file/setVersion.html]
[docserver.userland.com/file/setVisible.html]
[docserver.userland.com/discuss/msgReader$326.html]
[docserver.userland.com/discuss/msgReader$3264f9d.html]
[docserver.userland.com/discuss/msgReader$326618c.html]
