[  0%] Built target cmsys_c
[  1%] Built target kwiml_test
[  1%] Built target cmexpat
[  1%] Built target cmstd
[  2%] Built target cmlibrhash
[  4%] Built target cmnghttp2
[  4%] Building C object Utilities/cmzlib/CMakeFiles/cmzlib.dir/adler32.c.o
[  5%] Building C object Utilities/cmzlib/CMakeFiles/cmzlib.dir/crc32.c.o
[  7%] Built target cmsys
[  7%] Building C object Utilities/cmzlib/CMakeFiles/cmzlib.dir/deflate.c.o
[  8%] Built target cmbzip2
[ 10%] Built target cmzstd
[ 10%] Built target cmjsoncpp
[ 10%] Building C object Utilities/cmzlib/CMakeFiles/cmzlib.dir/inffast.c.o
[ 10%] Building C object Utilities/cmzlib/CMakeFiles/cmzlib.dir/inflate.c.o
[ 10%] Building CXX object Tests/CMakeLib/CMakeFiles/testEncoding.dir/testEncoding.cxx.o
[ 19%] Built target cmlibuv
[ 19%] Built target cmliblzma
[ 19%] Building C object Utilities/cmzlib/CMakeFiles/cmzlib.dir/inftrees.c.o
[ 19%] Built target pseudonl_valgrind
[ 19%] Building C object Tests/CMakeLib/PseudoMemcheck/NoLog/CMakeFiles/pseudonl_purify.dir/ret0.c.o
[ 22%] Built target cmForm
[ 22%] Building C object Utilities/cmzlib/CMakeFiles/cmzlib.dir/trees.c.o
[ 22%] Building C object Utilities/cmzlib/CMakeFiles/cmzlib.dir/zutil.c.o
[ 22%] Building C object Tests/CMakeLib/PseudoMemcheck/NoLog/CMakeFiles/pseudonl_BC.dir/ret0.c.o
[ 22%] Linking C executable purify
[ 22%] Building C object Tests/RunCMake/CMakeFiles/detect_jobserver.dir/detect_jobserver.c.o
[ 22%] Building C object Tests/RunCMake/CMakeFiles/exit_code.dir/exit_code.c.o
[ 22%] Linking C executable BC
[ 23%] Linking C static library libcmzlib.a
[ 23%] Linking C executable detect_jobserver
[ 23%] Building C object Tests/RunCMake/CMakeFiles/color_warning.dir/color_warning.c.o
[ 24%] Linking C executable exit_code
[ 24%] Building C object Tests/RunCMake/CMakeFiles/fake_build_command.dir/fake_build_command.c.o
[ 24%] Built target pseudonl_purify
[ 24%] Built target pseudonl_BC
[ 24%] Linking C executable color_warning
[ 24%] Linking C executable fake_build_command
[ 24%] Built target detect_jobserver
[ 24%] Built target cmzlib
[ 24%] Building C object Tests/RunCMake/CMakeFiles/pseudo_llvm-rc.dir/pseudo_llvm-rc.c.o
[ 24%] Built target exit_code
[ 24%] Building C object Tests/RunCMake/CMakeFiles/print_stdin.dir/print_stdin.c.o
[ 24%] Built target color_warning
[ 24%] Building C object Tests/RunCMake/CMakeFiles/pseudo_emulator_custom_command.dir/pseudo_emulator_custom_command.c.o
[ 24%] Building C object Tests/RunCMake/CMakeFiles/pseudo_emulator.dir/pseudo_emulator.c.o
[ 24%] Linking C executable pseudo_llvm-rc
[ 24%] Built target fake_build_command
[ 24%] Building C object Tests/RunCMake/CMakeFiles/pseudo_emulator_custom_command_arg.dir/pseudo_emulator_custom_command_arg.c.o
[ 24%] Linking C executable print_stdin
[ 24%] Building C object Tests/RunCMake/CMakeFiles/pseudo_tidy.dir/pseudo_tidy.c.o
[ 24%] Linking C executable pseudo_emulator_custom_command
[ 24%] Linking C executable pseudo_emulator
[ 24%] Building C object Tests/RunCMake/CMakeFiles/pseudo_iwyu.dir/pseudo_iwyu.c.o
[ 24%] Linking C executable pseudo_emulator_custom_command_arg
[ 24%] Built target pseudo_llvm-rc
[ 24%] Linking C executable pseudo_tidy
[ 24%] Built target print_stdin
[ 24%] Linking C executable pseudo_iwyu
[ 24%] Linking CXX executable testEncoding
[ 24%] Built target pseudo_emulator
[ 24%] Built target pseudo_emulator_custom_command
[ 24%] Building C object Tests/RunCMake/CMakeFiles/pseudo_cpplint.dir/pseudo_cpplint.c.o
[ 24%] Built target pseudo_emulator_custom_command_arg
[ 24%] Building C object Tests/RunCMake/CMakeFiles/pseudo_cppcheck.dir/pseudo_cppcheck.c.o
[ 24%] Built target pseudo_tidy
[ 24%] Building CXX object Tests/FindPackageModeMakefileTest/CMakeFiles/foo.dir/foo.cpp.o
[ 24%] Linking C executable pseudo_cpplint
[ 24%] Building C object Source/kwsys/CMakeFiles/cmsysTestsC.dir/cmsysTestsC.c.o
[ 24%] Built target testEncoding
[ 24%] Built target pseudo_iwyu
[ 24%] Building CXX object Source/kwsys/CMakeFiles/testConsoleBufChild.dir/testConsoleBufChild.cxx.o
[ 24%] Linking C executable pseudo_cppcheck
[ 24%] Building C object Source/kwsys/CMakeFiles/cmsysTestsC.dir/testEncode.c.o
[ 24%] Linking CXX static library libfoo.a
[ 24%] Building C object Source/kwsys/CMakeFiles/cmsysTestDynload.dir/testDynload.c.o
[ 24%] Building C object Source/kwsys/CMakeFiles/cmsysTestsC.dir/testTerminal.c.o
[ 25%] Building CXX object Source/kwsys/CMakeFiles/cmsysTestsCxx.dir/cmsysTestsCxx.cxx.o
[ 25%] Building CXX object Source/kwsys/CMakeFiles/cmsysTestsCxx.dir/testConfigure.cxx.o
[ 25%] Built target pseudo_cpplint
[ 25%] Built target pseudo_cppcheck
[ 25%] Linking C shared module libcmsysTestDynload.so
[ 25%] Linking C executable cmsysTestsC
[ 25%] Building CXX object Source/kwsys/CMakeFiles/cmsysTestsCxx.dir/testSystemTools.cxx.o
[ 25%] Building CXX object Source/kwsys/CMakeFiles/cmsysTestsCxx.dir/testStatus.cxx.o
[ 25%] Building CXX object Source/kwsys/CMakeFiles/cmsysTestsCxx.dir/testCommandLineArguments.cxx.o
[ 25%] Built target foo
[ 25%] Building C object Source/kwsys/CMakeFiles/cmsysTestProcess.dir/testProcess.c.o
[ 25%] Building CXX object Source/kwsys/CMakeFiles/cmsysTestsCxx.dir/testCommandLineArguments1.cxx.o
[ 25%] Built target cmsysTestDynload
[ 25%] Built target cmsysTestsC
[ 25%] Linking C executable cmsysTestProcess
[ 25%] Building C object Utilities/cmlibarchive/libarchive/CMakeFiles/cmlibarchive.dir/archive_acl.c.o
[ 25%] Building C object Utilities/cmcurl/lib/CMakeFiles/cmcurl.dir/altsvc.c.o
[ 25%] Linking CXX executable testConsoleBufChild
[ 25%] Built target cmsysTestProcess
[ 25%] Building C object Utilities/cmcurl/lib/CMakeFiles/cmcurl.dir/amigaos.c.o
[ 25%] Built target testConsoleBufChild
[ 26%] Building C object Utilities/cmlibarchive/libarchive/CMakeFiles/cmlibarchive.dir/archive_check_magic.c.o
[ 26%] Building CXX object Utilities/cmcppdap/CMakeFiles/cmcppdap.dir/src/content_stream.cpp.o
[ 26%] Building C object Utilities/cmcurl/lib/CMakeFiles/cmcurl.dir/asyn-ares.c.o
[ 26%] Building CXX object Source/kwsys/CMakeFiles/cmsysTestsCxx.dir/testDirectory.cxx.o
[ 26%] Building C object Utilities/cmlibarchive/libarchive/CMakeFiles/cmlibarchive.dir/archive_cmdline.c.o
[ 26%] Building CXX object Utilities/cmcppdap/CMakeFiles/cmcppdap.dir/src/io.cpp.o
[ 27%] Building C object Utilities/cmcurl/lib/CMakeFiles/cmcurl.dir/asyn-thread.c.o
[ 27%] Building CXX object Source/kwsys/CMakeFiles/cmsysTestsCxx.dir/testEncoding.cxx.o
[ 27%] Building C object Utilities/cmlibarchive/libarchive/CMakeFiles/cmlibarchive.dir/archive_cryptor.c.o
[ 27%] Building C object Utilities/cmlibarchive/libarchive/CMakeFiles/cmlibarchive.dir/archive_digest.c.o
[ 27%] Building C object Utilities/cmcurl/lib/CMakeFiles/cmcurl.dir/base64.c.o
[ 27%] Building CXX object Utilities/cmcppdap/CMakeFiles/cmcppdap.dir/src/jsoncpp_json_serializer.cpp.o
[ 27%] Building C object Utilities/cmlibarchive/libarchive/CMakeFiles/cmlibarchive.dir/archive_entry.c.o
[ 27%] Building C object Utilities/cmcurl/lib/CMakeFiles/cmcurl.dir/bufq.c.o
[ 27%] Building C object Utilities/cmlibarchive/libarchive/CMakeFiles/cmlibarchive.dir/archive_entry_copy_stat.c.o
[ 27%] Building C object Utilities/cmcurl/lib/CMakeFiles/cmcurl.dir/bufref.c.o
[ 27%] Building C object Utilities/cmlibarchive/libarchive/CMakeFiles/cmlibarchive.dir/archive_entry_link_resolver.c.o
[ 27%] Building CXX object Source/kwsys/CMakeFiles/cmsysTestsCxx.dir/testFStream.cxx.o
[ 27%] Building CXX object Utilities/cmcppdap/CMakeFiles/cmcppdap.dir/src/network.cpp.o
[ 27%] Building C object Utilities/cmcurl/lib/CMakeFiles/cmcurl.dir/c-hyper.c.o
[ 27%] Building C object Utilities/cmlibarchive/libarchive/CMakeFiles/cmlibarchive.dir/archive_entry_sparse.c.o
[ 27%] Building CXX object Utilities/cmcppdap/CMakeFiles/cmcppdap.dir/src/null_json_serializer.cpp.o
[ 27%] Building CXX object Source/kwsys/CMakeFiles/cmsysTestsCxx.dir/testConsoleBuf.cxx.o
[ 27%] Building CXX object Utilities/cmcppdap/CMakeFiles/cmcppdap.dir/src/protocol_events.cpp.o
[ 27%] Building C object Utilities/cmcurl/lib/CMakeFiles/cmcurl.dir/cf-h1-proxy.c.o
[ 27%] Building C object Utilities/cmlibarchive/libarchive/CMakeFiles/cmlibarchive.dir/archive_entry_stat.c.o
[ 27%] Building C object Utilities/cmlibarchive/libarchive/CMakeFiles/cmlibarchive.dir/archive_entry_strmode.c.o
[ 27%] Building C object Utilities/cmcurl/lib/CMakeFiles/cmcurl.dir/cf-h2-proxy.c.o
[ 27%] Building C object Utilities/cmlibarchive/libarchive/CMakeFiles/cmlibarchive.dir/archive_entry_xattr.c.o
[ 28%] Building CXX object Utilities/cmcppdap/CMakeFiles/cmcppdap.dir/src/protocol_requests.cpp.o
[ 28%] Building C object Utilities/cmlibarchive/libarchive/CMakeFiles/cmlibarchive.dir/archive_getdate.c.o
[ 28%] Building C object Utilities/cmcurl/lib/CMakeFiles/cmcurl.dir/cf-haproxy.c.o
[ 28%] Building CXX object Source/kwsys/CMakeFiles/cmsysTestsCxx.dir/testSystemInformation.cxx.o
[ 28%] Building CXX object Utilities/cmcppdap/CMakeFiles/cmcppdap.dir/src/protocol_response.cpp.o
[ 29%] Building C object Utilities/cmlibarchive/libarchive/CMakeFiles/cmlibarchive.dir/archive_hmac.c.o
[ 30%] Building CXX object Source/kwsys/CMakeFiles/cmsysTestsCxx.dir/testDynamicLoader.cxx.o
[ 30%] Building C object Utilities/cmcurl/lib/CMakeFiles/cmcurl.dir/cf-https-connect.c.o
[ 30%] Building CXX object Utilities/cmcppdap/CMakeFiles/cmcppdap.dir/src/protocol_types.cpp.o
[ 30%] Building C object Utilities/cmlibarchive/libarchive/CMakeFiles/cmlibarchive.dir/archive_match.c.o
[ 30%] Building C object Utilities/cmcurl/lib/CMakeFiles/cmcurl.dir/cf-socket.c.o
[ 30%] Building C object Utilities/cmlibarchive/libarchive/CMakeFiles/cmlibarchive.dir/archive_options.c.o
[ 30%] Building C object Utilities/cmlibarchive/libarchive/CMakeFiles/cmlibarchive.dir/archive_pack_dev.c.o
[ 30%] Building CXX object Utilities/cmcppdap/CMakeFiles/cmcppdap.dir/src/session.cpp.o
[ 30%] Building C object Utilities/cmcurl/lib/CMakeFiles/cmcurl.dir/cfilters.c.o
[ 30%] Linking CXX executable cmsysTestsCxx
[ 30%] Building C object Utilities/cmlibarchive/libarchive/CMakeFiles/cmlibarchive.dir/archive_pathmatch.c.o
[ 30%] Building C object Utilities/cmcurl/lib/CMakeFiles/cmcurl.dir/conncache.c.o
[ 30%] Built target cmsysTestsCxx
[ 30%] Building CXX object Utilities/cmcppdap/CMakeFiles/cmcppdap.dir/src/socket.cpp.o
[ 30%] Building C object Utilities/cmlibarchive/libarchive/CMakeFiles/cmlibarchive.dir/archive_ppmd8.c.o
[ 31%] Building C object Utilities/cmcurl/lib/CMakeFiles/cmcurl.dir/connect.c.o
[ 31%] Building C object Utilities/cmcurl/lib/CMakeFiles/cmcurl.dir/content_encoding.c.o
[ 31%] Building C object Utilities/cmlibarchive/libarchive/CMakeFiles/cmlibarchive.dir/archive_ppmd7.c.o
[ 31%] Building C object Utilities/cmcurl/lib/CMakeFiles/cmcurl.dir/cookie.c.o
[ 31%] Building C object Utilities/cmcurl/lib/CMakeFiles/cmcurl.dir/curl_addrinfo.c.o
[ 31%] Building C object Utilities/cmlibarchive/libarchive/CMakeFiles/cmlibarchive.dir/archive_random.c.o
[ 31%] Building C object Utilities/cmcurl/lib/CMakeFiles/cmcurl.dir/curl_des.c.o
[ 31%] Building CXX object Utilities/cmcppdap/CMakeFiles/cmcppdap.dir/src/typeinfo.cpp.o
[ 31%] Building C object Utilities/cmlibarchive/libarchive/CMakeFiles/cmlibarchive.dir/archive_rb.c.o
[ 31%] Building C object Utilities/cmcurl/lib/CMakeFiles/cmcurl.dir/curl_endian.c.o
[ 31%] Building C object Utilities/cmlibarchive/libarchive/CMakeFiles/cmlibarchive.dir/archive_read.c.o
[ 31%] Building C object Utilities/cmcurl/lib/CMakeFiles/cmcurl.dir/curl_fnmatch.c.o
[ 31%] Building C object Utilities/cmcurl/lib/CMakeFiles/cmcurl.dir/curl_get_line.c.o
[ 31%] Building C object Utilities/cmlibarchive/libarchive/CMakeFiles/cmlibarchive.dir/archive_read_add_passphrase.c.o
[ 31%] Building CXX object Utilities/cmcppdap/CMakeFiles/cmcppdap.dir/src/typeof.cpp.o
[ 31%] Building C object Utilities/cmcurl/lib/CMakeFiles/cmcurl.dir/curl_gethostname.c.o
[ 32%] Building C object Utilities/cmlibarchive/libarchive/CMakeFiles/cmlibarchive.dir/archive_read_append_filter.c.o
[ 32%] Building C object Utilities/cmlibarchive/libarchive/CMakeFiles/cmlibarchive.dir/archive_read_data_into_fd.c.o
[ 32%] Building C object Utilities/cmcurl/lib/CMakeFiles/cmcurl.dir/curl_gssapi.c.o
[ 32%] Building C object Utilities/cmcurl/lib/CMakeFiles/cmcurl.dir/curl_memrchr.c.o
[ 32%] Building C object Utilities/cmlibarchive/libarchive/CMakeFiles/cmlibarchive.dir/archive_read_disk_entry_from_file.c.o
[ 33%] Building C object Utilities/cmcurl/lib/CMakeFiles/cmcurl.dir/curl_multibyte.c.o
[ 33%] Building C object Utilities/cmcurl/lib/CMakeFiles/cmcurl.dir/curl_ntlm_core.c.o
[ 33%] Building C object Utilities/cmcurl/lib/CMakeFiles/cmcurl.dir/curl_ntlm_wb.c.o
[ 33%] Building C object Utilities/cmlibarchive/libarchive/CMakeFiles/cmlibarchive.dir/archive_read_disk_posix.c.o
[ 33%] Building C object Utilities/cmcurl/lib/CMakeFiles/cmcurl.dir/curl_path.c.o
[ 33%] Building C object Utilities/cmcurl/lib/CMakeFiles/cmcurl.dir/curl_range.c.o
[ 33%] Building C object Utilities/cmlibarchive/libarchive/CMakeFiles/cmlibarchive.dir/archive_read_disk_set_standard_lookup.c.o
[ 33%] Building C object Utilities/cmcurl/lib/CMakeFiles/cmcurl.dir/curl_rtmp.c.o
[ 33%] Building C object Utilities/cmlibarchive/libarchive/CMakeFiles/cmlibarchive.dir/archive_read_extract.c.o
[ 33%] Building C object Utilities/cmlibarchive/libarchive/CMakeFiles/cmlibarchive.dir/archive_read_extract2.c.o
[ 33%] Building C object Utilities/cmcurl/lib/CMakeFiles/cmcurl.dir/curl_sasl.c.o
[ 33%] Building C object Utilities/cmlibarchive/libarchive/CMakeFiles/cmlibarchive.dir/archive_read_open_fd.c.o
[ 33%] Building C object Utilities/cmlibarchive/libarchive/CMakeFiles/cmlibarchive.dir/archive_read_open_file.c.o
[ 33%] Building C object Utilities/cmcurl/lib/CMakeFiles/cmcurl.dir/curl_sspi.c.o
[ 33%] Building C object Utilities/cmcurl/lib/CMakeFiles/cmcurl.dir/curl_threads.c.o
[ 33%] Building C object Utilities/cmlibarchive/libarchive/CMakeFiles/cmlibarchive.dir/archive_read_open_filename.c.o
[ 33%] Building C object Utilities/cmcurl/lib/CMakeFiles/cmcurl.dir/curl_trc.c.o
[ 33%] Building C object Utilities/cmcurl/lib/CMakeFiles/cmcurl.dir/doh.c.o
[ 33%] Building C object Utilities/cmcurl/lib/CMakeFiles/cmcurl.dir/dict.c.o
[ 33%] Building C object Utilities/cmlibarchive/libarchive/CMakeFiles/cmlibarchive.dir/archive_read_open_memory.c.o
[ 34%] Building C object Utilities/cmcurl/lib/CMakeFiles/cmcurl.dir/dynbuf.c.o
[ 34%] Building C object Utilities/cmcurl/lib/CMakeFiles/cmcurl.dir/dynhds.c.o
[ 34%] Building C object Utilities/cmcurl/lib/CMakeFiles/cmcurl.dir/easy.c.o
[ 34%] Building C object Utilities/cmlibarchive/libarchive/CMakeFiles/cmlibarchive.dir/archive_read_set_format.c.o
[ 34%] Building C object Utilities/cmcurl/lib/CMakeFiles/cmcurl.dir/easygetopt.c.o
[ 35%] Building C object Utilities/cmlibarchive/libarchive/CMakeFiles/cmlibarchive.dir/archive_read_set_options.c.o
[ 35%] Building C object Utilities/cmcurl/lib/CMakeFiles/cmcurl.dir/easyoptions.c.o
[ 35%] Building C object Utilities/cmlibarchive/libarchive/CMakeFiles/cmlibarchive.dir/archive_read_support_filter_all.c.o
[ 35%] Building C object Utilities/cmlibarchive/libarchive/CMakeFiles/cmlibarchive.dir/archive_read_support_filter_by_code.c.o
[ 35%] Building C object Utilities/cmcurl/lib/CMakeFiles/cmcurl.dir/escape.c.o
[ 35%] Building C object Utilities/cmcurl/lib/CMakeFiles/cmcurl.dir/file.c.o
[ 35%] Building C object Utilities/cmlibarchive/libarchive/CMakeFiles/cmlibarchive.dir/archive_read_support_filter_bzip2.c.o
[ 35%] Building C object Utilities/cmlibarchive/libarchive/CMakeFiles/cmlibarchive.dir/archive_read_support_filter_compress.c.o
[ 35%] Building C object Utilities/cmlibarchive/libarchive/CMakeFiles/cmlibarchive.dir/archive_read_support_filter_gzip.c.o
[ 35%] Building C object Utilities/cmlibarchive/libarchive/CMakeFiles/cmlibarchive.dir/archive_read_support_filter_grzip.c.o
[ 35%] Building C object Utilities/cmcurl/lib/CMakeFiles/cmcurl.dir/fileinfo.c.o
[ 35%] Building C object Utilities/cmlibarchive/libarchive/CMakeFiles/cmlibarchive.dir/archive_read_support_filter_lz4.c.o
[ 35%] Building C object Utilities/cmlibarchive/libarchive/CMakeFiles/cmlibarchive.dir/archive_read_support_filter_lrzip.c.o
[ 35%] Building C object Utilities/cmlibarchive/libarchive/CMakeFiles/cmlibarchive.dir/archive_read_support_filter_lzop.c.o
[ 35%] Building C object Utilities/cmcurl/lib/CMakeFiles/cmcurl.dir/fopen.c.o
[ 35%] Building C object Utilities/cmlibarchive/libarchive/CMakeFiles/cmlibarchive.dir/archive_read_support_filter_none.c.o
[ 35%] Building C object Utilities/cmlibarchive/libarchive/CMakeFiles/cmlibarchive.dir/archive_read_support_filter_program.c.o
[ 35%] Building C object Utilities/cmcurl/lib/CMakeFiles/cmcurl.dir/formdata.c.o
[ 36%] Building C object Utilities/cmlibarchive/libarchive/CMakeFiles/cmlibarchive.dir/archive_read_support_filter_rpm.c.o
[ 36%] Building C object Utilities/cmlibarchive/libarchive/CMakeFiles/cmlibarchive.dir/archive_read_support_filter_uu.c.o
[ 36%] Building C object Utilities/cmcurl/lib/CMakeFiles/cmcurl.dir/ftp.c.o
[ 36%] Building C object Utilities/cmlibarchive/libarchive/CMakeFiles/cmlibarchive.dir/archive_read_support_filter_xz.c.o
[ 36%] Building C object Utilities/cmlibarchive/libarchive/CMakeFiles/cmlibarchive.dir/archive_read_support_filter_zstd.c.o
[ 36%] Building C object Utilities/cmcurl/lib/CMakeFiles/cmcurl.dir/ftplistparser.c.o
[ 37%] Building C object Utilities/cmcurl/lib/CMakeFiles/cmcurl.dir/getenv.c.o
[ 37%] Building C object Utilities/cmcurl/lib/CMakeFiles/cmcurl.dir/getinfo.c.o
[ 37%] Building C object Utilities/cmlibarchive/libarchive/CMakeFiles/cmlibarchive.dir/archive_read_support_format_7zip.c.o
[ 37%] Building C object Utilities/cmcurl/lib/CMakeFiles/cmcurl.dir/gopher.c.o
[ 37%] Building C object Utilities/cmlibarchive/libarchive/CMakeFiles/cmlibarchive.dir/archive_read_support_format_all.c.o
[ 37%] Building C object Utilities/cmcurl/lib/CMakeFiles/cmcurl.dir/hash.c.o
[ 37%] Building C object Utilities/cmcurl/lib/CMakeFiles/cmcurl.dir/headers.c.o
[ 37%] Building C object Utilities/cmlibarchive/libarchive/CMakeFiles/cmlibarchive.dir/archive_read_support_format_ar.c.o
[ 37%] Building C object Utilities/cmcurl/lib/CMakeFiles/cmcurl.dir/hmac.c.o
[ 37%] Building C object Utilities/cmcurl/lib/CMakeFiles/cmcurl.dir/hostasyn.c.o
[ 37%] Building C object Utilities/cmcurl/lib/CMakeFiles/cmcurl.dir/hostip.c.o
[ 37%] Building C object Utilities/cmcurl/lib/CMakeFiles/cmcurl.dir/hostip4.c.o
[ 37%] Building C object Utilities/cmlibarchive/libarchive/CMakeFiles/cmlibarchive.dir/archive_read_support_format_by_code.c.o
[ 37%] Building C object Utilities/cmcurl/lib/CMakeFiles/cmcurl.dir/hostip6.c.o
[ 37%] Building C object Utilities/cmlibarchive/libarchive/CMakeFiles/cmlibarchive.dir/archive_read_support_format_cab.c.o
[ 37%] Building C object Utilities/cmcurl/lib/CMakeFiles/cmcurl.dir/hostsyn.c.o
[ 37%] Building C object Utilities/cmlibarchive/libarchive/CMakeFiles/cmlibarchive.dir/archive_read_support_format_cpio.c.o
[ 37%] Building C object Utilities/cmlibarchive/libarchive/CMakeFiles/cmlibarchive.dir/archive_read_support_format_empty.c.o
[ 38%] Building C object Utilities/cmlibarchive/libarchive/CMakeFiles/cmlibarchive.dir/archive_read_support_format_iso9660.c.o
[ 39%] Building C object Utilities/cmcurl/lib/CMakeFiles/cmcurl.dir/hsts.c.o
[ 39%] Building C object Utilities/cmlibarchive/libarchive/CMakeFiles/cmlibarchive.dir/archive_read_support_format_lha.c.o
[ 39%] Building C object Utilities/cmcurl/lib/CMakeFiles/cmcurl.dir/http.c.o
[ 39%] Building C object Utilities/cmcurl/lib/CMakeFiles/cmcurl.dir/http1.c.o
[ 39%] Building C object Utilities/cmlibarchive/libarchive/CMakeFiles/cmlibarchive.dir/archive_read_support_format_mtree.c.o
[ 39%] Building C object Utilities/cmcurl/lib/CMakeFiles/cmcurl.dir/http2.c.o
[ 39%] Building C object Utilities/cmlibarchive/libarchive/CMakeFiles/cmlibarchive.dir/archive_read_support_format_rar.c.o
[ 39%] Building C object Utilities/cmlibarchive/libarchive/CMakeFiles/cmlibarchive.dir/archive_read_support_format_rar5.c.o
[ 39%] Building C object Utilities/cmcurl/lib/CMakeFiles/cmcurl.dir/http_aws_sigv4.c.o
[ 39%] Building C object Utilities/cmcurl/lib/CMakeFiles/cmcurl.dir/http_chunks.c.o
[ 39%] Building C object Utilities/cmcurl/lib/CMakeFiles/cmcurl.dir/http_digest.c.o
[ 39%] Building C object Utilities/cmlibarchive/libarchive/CMakeFiles/cmlibarchive.dir/archive_read_support_format_raw.c.o
[ 39%] Building C object Utilities/cmcurl/lib/CMakeFiles/cmcurl.dir/http_negotiate.c.o
[ 39%] Building C object Utilities/cmcurl/lib/CMakeFiles/cmcurl.dir/http_ntlm.c.o
[ 39%] Building C object Utilities/cmcurl/lib/CMakeFiles/cmcurl.dir/http_proxy.c.o
[ 39%] Building C object Utilities/cmlibarchive/libarchive/CMakeFiles/cmlibarchive.dir/archive_read_support_format_tar.c.o
[ 39%] Building C object Utilities/cmlibarchive/libarchive/CMakeFiles/cmlibarchive.dir/archive_read_support_format_warc.c.o
[ 39%] Building C object Utilities/cmlibarchive/libarchive/CMakeFiles/cmlibarchive.dir/archive_read_support_format_xar.c.o
[ 39%] Building C object Utilities/cmlibarchive/libarchive/CMakeFiles/cmlibarchive.dir/archive_read_support_format_zip.c.o
[ 39%] Building C object Utilities/cmcurl/lib/CMakeFiles/cmcurl.dir/idn.c.o
[ 39%] Building C object Utilities/cmlibarchive/libarchive/CMakeFiles/cmlibarchive.dir/archive_string.c.o
[ 39%] Building C object Utilities/cmcurl/lib/CMakeFiles/cmcurl.dir/if2ip.c.o
[ 40%] Building C object Utilities/cmcurl/lib/CMakeFiles/cmcurl.dir/imap.c.o
[ 40%] Building C object Utilities/cmcurl/lib/CMakeFiles/cmcurl.dir/inet_ntop.c.o
[ 40%] Building C object Utilities/cmcurl/lib/CMakeFiles/cmcurl.dir/inet_pton.c.o
[ 40%] Building C object Utilities/cmlibarchive/libarchive/CMakeFiles/cmlibarchive.dir/archive_string_sprintf.c.o
[ 41%] Building C object Utilities/cmlibarchive/libarchive/CMakeFiles/cmlibarchive.dir/archive_util.c.o
[ 41%] Building C object Utilities/cmcurl/lib/CMakeFiles/cmcurl.dir/krb5.c.o
[ 41%] Building C object Utilities/cmcurl/lib/CMakeFiles/cmcurl.dir/ldap.c.o
[ 41%] Building C object Utilities/cmlibarchive/libarchive/CMakeFiles/cmlibarchive.dir/archive_version_details.c.o
[ 41%] Building C object Utilities/cmlibarchive/libarchive/CMakeFiles/cmlibarchive.dir/archive_virtual.c.o
[ 41%] Building C object Utilities/cmlibarchive/libarchive/CMakeFiles/cmlibarchive.dir/archive_write.c.o
[ 41%] Building C object Utilities/cmcurl/lib/CMakeFiles/cmcurl.dir/macos.c.o
[ 41%] Building C object Utilities/cmcurl/lib/CMakeFiles/cmcurl.dir/llist.c.o
[ 41%] Building C object Utilities/cmlibarchive/libarchive/CMakeFiles/cmlibarchive.dir/archive_write_disk_posix.c.o
[ 41%] Building C object Utilities/cmlibarchive/libarchive/CMakeFiles/cmlibarchive.dir/archive_write_disk_set_standard_lookup.c.o
[ 41%] Building C object Utilities/cmlibarchive/libarchive/CMakeFiles/cmlibarchive.dir/archive_write_open_fd.c.o
[ 41%] Building C object Utilities/cmcurl/lib/CMakeFiles/cmcurl.dir/md4.c.o
[ 41%] Linking CXX static library libcmcppdap.a
[ 41%] Building C object Utilities/cmcurl/lib/CMakeFiles/cmcurl.dir/md5.c.o
[ 41%] Building C object Utilities/cmlibarchive/libarchive/CMakeFiles/cmlibarchive.dir/archive_write_open_file.c.o
[ 41%] Building C object Utilities/cmlibarchive/libarchive/CMakeFiles/cmlibarchive.dir/archive_write_add_filter.c.o
[ 41%] Building C object Utilities/cmlibarchive/libarchive/CMakeFiles/cmlibarchive.dir/archive_write_open_filename.c.o
[ 41%] Building C object Utilities/cmlibarchive/libarchive/CMakeFiles/cmlibarchive.dir/archive_write_open_memory.c.o
[ 41%] Building C object Utilities/cmcurl/lib/CMakeFiles/cmcurl.dir/memdebug.c.o
[ 41%] Building C object Utilities/cmcurl/lib/CMakeFiles/cmcurl.dir/mime.c.o
[ 41%] Building C object Utilities/cmlibarchive/libarchive/CMakeFiles/cmlibarchive.dir/archive_write_add_filter_b64encode.c.o
[ 42%] Building C object Utilities/cmlibarchive/libarchive/CMakeFiles/cmlibarchive.dir/archive_write_add_filter_by_name.c.o
[ 42%] Building C object Utilities/cmcurl/lib/CMakeFiles/cmcurl.dir/mprintf.c.o
[ 42%] Building C object Utilities/cmlibarchive/libarchive/CMakeFiles/cmlibarchive.dir/archive_write_add_filter_bzip2.c.o
[ 43%] Building C object Utilities/cmcurl/lib/CMakeFiles/cmcurl.dir/mqtt.c.o
[ 43%] Building C object Utilities/cmcurl/lib/CMakeFiles/cmcurl.dir/multi.c.o
[ 43%] Built target cmcppdap
[ 43%] Building C object Utilities/cmlibarchive/libarchive/CMakeFiles/cmlibarchive.dir/archive_write_add_filter_grzip.c.o
[ 43%] Building C object Utilities/cmcurl/lib/CMakeFiles/cmcurl.dir/netrc.c.o
[ 43%] Building C object Utilities/cmlibarchive/libarchive/CMakeFiles/cmlibarchive.dir/archive_write_add_filter_compress.c.o
[ 43%] Building C object Utilities/cmcurl/lib/CMakeFiles/cmcurl.dir/nonblock.c.o
[ 43%] Building C object Utilities/cmlibarchive/libarchive/CMakeFiles/cmlibarchive.dir/archive_write_add_filter_gzip.c.o
[ 43%] Building C object Utilities/cmcurl/lib/CMakeFiles/cmcurl.dir/noproxy.c.o
[ 43%] Building C object Utilities/cmlibarchive/libarchive/CMakeFiles/cmlibarchive.dir/archive_write_add_filter_lrzip.c.o
[ 43%] Building C object Utilities/cmlibarchive/libarchive/CMakeFiles/cmlibarchive.dir/archive_write_add_filter_lzop.c.o
[ 43%] Building C object Utilities/cmlibarchive/libarchive/CMakeFiles/cmlibarchive.dir/archive_write_add_filter_lz4.c.o
[ 43%] Building C object Utilities/cmcurl/lib/CMakeFiles/cmcurl.dir/openldap.c.o
[ 43%] Building C object Utilities/cmcurl/lib/CMakeFiles/cmcurl.dir/parsedate.c.o
[ 43%] Building C object Utilities/cmcurl/lib/CMakeFiles/cmcurl.dir/pingpong.c.o
[ 43%] Building C object Utilities/cmcurl/lib/CMakeFiles/cmcurl.dir/progress.c.o
[ 43%] Building C object Utilities/cmcurl/lib/CMakeFiles/cmcurl.dir/pop3.c.o
[ 43%] Building C object Utilities/cmlibarchive/libarchive/CMakeFiles/cmlibarchive.dir/archive_write_add_filter_none.c.o
[ 43%] Building C object Utilities/cmlibarchive/libarchive/CMakeFiles/cmlibarchive.dir/archive_write_add_filter_program.c.o
[ 43%] Building C object Utilities/cmcurl/lib/CMakeFiles/cmcurl.dir/psl.c.o
[ 43%] Building C object Utilities/cmlibarchive/libarchive/CMakeFiles/cmlibarchive.dir/archive_write_add_filter_uuencode.c.o
[ 44%] Building C object Utilities/cmcurl/lib/CMakeFiles/cmcurl.dir/rand.c.o
[ 45%] Building C object Utilities/cmlibarchive/libarchive/CMakeFiles/cmlibarchive.dir/archive_write_add_filter_xz.c.o
[ 45%] Building C object Utilities/cmcurl/lib/CMakeFiles/cmcurl.dir/rename.c.o
[ 45%] Building C object Utilities/cmcurl/lib/CMakeFiles/cmcurl.dir/rtsp.c.o
[ 45%] Building C object Utilities/cmlibarchive/libarchive/CMakeFiles/cmlibarchive.dir/archive_write_add_filter_zstd.c.o
[ 45%] Building C object Utilities/cmlibarchive/libarchive/CMakeFiles/cmlibarchive.dir/archive_write_set_format.c.o
[ 45%] Building C object Utilities/cmcurl/lib/CMakeFiles/cmcurl.dir/select.c.o
[ 45%] Building C object Utilities/cmcurl/lib/CMakeFiles/cmcurl.dir/sendf.c.o
[ 45%] Building C object Utilities/cmlibarchive/libarchive/CMakeFiles/cmlibarchive.dir/archive_write_set_format_7zip.c.o
[ 45%] Building C object Utilities/cmcurl/lib/CMakeFiles/cmcurl.dir/setopt.c.o
[ 45%] Building C object Utilities/cmlibarchive/libarchive/CMakeFiles/cmlibarchive.dir/archive_write_set_format_ar.c.o
[ 45%] Building C object Utilities/cmlibarchive/libarchive/CMakeFiles/cmlibarchive.dir/archive_write_set_format_by_name.c.o
[ 45%] Building C object Utilities/cmlibarchive/libarchive/CMakeFiles/cmlibarchive.dir/archive_write_set_format_cpio.c.o
[ 45%] Building C object Utilities/cmlibarchive/libarchive/CMakeFiles/cmlibarchive.dir/archive_write_set_format_cpio_binary.c.o
[ 45%] Building C object Utilities/cmcurl/lib/CMakeFiles/cmcurl.dir/sha256.c.o
[ 45%] Building C object Utilities/cmcurl/lib/CMakeFiles/cmcurl.dir/share.c.o
[ 45%] Building C object Utilities/cmlibarchive/libarchive/CMakeFiles/cmlibarchive.dir/archive_write_set_format_cpio_newc.c.o
[ 45%] Building C object Utilities/cmlibarchive/libarchive/CMakeFiles/cmlibarchive.dir/archive_write_set_format_cpio_odc.c.o
[ 45%] Building C object Utilities/cmlibarchive/libarchive/CMakeFiles/cmlibarchive.dir/archive_write_set_format_filter_by_ext.c.o
[ 45%] Building C object Utilities/cmlibarchive/libarchive/CMakeFiles/cmlibarchive.dir/archive_write_set_format_gnutar.c.o
[ 45%] Building C object Utilities/cmcurl/lib/CMakeFiles/cmcurl.dir/slist.c.o
[ 46%] Building C object Utilities/cmlibarchive/libarchive/CMakeFiles/cmlibarchive.dir/archive_write_set_format_iso9660.c.o
[ 46%] Building C object Utilities/cmcurl/lib/CMakeFiles/cmcurl.dir/smb.c.o
[ 46%] Building C object Utilities/cmcurl/lib/CMakeFiles/cmcurl.dir/smtp.c.o
[ 46%] Building C object Utilities/cmlibarchive/libarchive/CMakeFiles/cmlibarchive.dir/archive_write_set_format_mtree.c.o
[ 46%] Building C object Utilities/cmlibarchive/libarchive/CMakeFiles/cmlibarchive.dir/archive_write_set_format_pax.c.o
[ 46%] Building C object Utilities/cmcurl/lib/CMakeFiles/cmcurl.dir/socketpair.c.o
[ 46%] Building C object Utilities/cmlibarchive/libarchive/CMakeFiles/cmlibarchive.dir/archive_write_set_format_raw.c.o
[ 47%] Building C object Utilities/cmcurl/lib/CMakeFiles/cmcurl.dir/socks.c.o
[ 47%] Building C object Utilities/cmcurl/lib/CMakeFiles/cmcurl.dir/socks_gssapi.c.o
[ 47%] Building C object Utilities/cmcurl/lib/CMakeFiles/cmcurl.dir/speedcheck.c.o
[ 47%] Building C object Utilities/cmcurl/lib/CMakeFiles/cmcurl.dir/socks_sspi.c.o
[ 47%] Building C object Utilities/cmlibarchive/libarchive/CMakeFiles/cmlibarchive.dir/archive_write_set_format_shar.c.o
[ 47%] Building C object Utilities/cmcurl/lib/CMakeFiles/cmcurl.dir/splay.c.o
[ 47%] Building C object Utilities/cmlibarchive/libarchive/CMakeFiles/cmlibarchive.dir/archive_write_set_format_ustar.c.o
[ 47%] Building C object Utilities/cmlibarchive/libarchive/CMakeFiles/cmlibarchive.dir/archive_write_set_format_v7tar.c.o
[ 47%] Building C object Utilities/cmcurl/lib/CMakeFiles/cmcurl.dir/strcase.c.o
[ 47%] Building C object Utilities/cmcurl/lib/CMakeFiles/cmcurl.dir/strdup.c.o
[ 47%] Building C object Utilities/cmcurl/lib/CMakeFiles/cmcurl.dir/strerror.c.o
[ 47%] Building C object Utilities/cmlibarchive/libarchive/CMakeFiles/cmlibarchive.dir/archive_write_set_format_warc.c.o
[ 47%] Building C object Utilities/cmcurl/lib/CMakeFiles/cmcurl.dir/strtok.c.o
[ 47%] Building C object Utilities/cmcurl/lib/CMakeFiles/cmcurl.dir/strtoofft.c.o
[ 47%] Building C object Utilities/cmlibarchive/libarchive/CMakeFiles/cmlibarchive.dir/archive_write_set_format_xar.c.o
[ 47%] Building C object Utilities/cmcurl/lib/CMakeFiles/cmcurl.dir/system_win32.c.o
[ 47%] Building C object Utilities/cmlibarchive/libarchive/CMakeFiles/cmlibarchive.dir/archive_write_set_format_zip.c.o
[ 47%] Building C object Utilities/cmlibarchive/libarchive/CMakeFiles/cmlibarchive.dir/archive_write_set_options.c.o
[ 47%] Building C object Utilities/cmcurl/lib/CMakeFiles/cmcurl.dir/telnet.c.o
[ 47%] Building C object Utilities/cmlibarchive/libarchive/CMakeFiles/cmlibarchive.dir/archive_write_set_passphrase.c.o
[ 48%] Building C object Utilities/cmcurl/lib/CMakeFiles/cmcurl.dir/tftp.c.o
[ 48%] Building C object Utilities/cmcurl/lib/CMakeFiles/cmcurl.dir/timediff.c.o
[ 49%] Building C object Utilities/cmlibarchive/libarchive/CMakeFiles/cmlibarchive.dir/filter_fork_posix.c.o
[ 49%] Building C object Utilities/cmlibarchive/libarchive/CMakeFiles/cmlibarchive.dir/xxhash.c.o
[ 49%] Building C object Utilities/cmcurl/lib/CMakeFiles/cmcurl.dir/timeval.c.o
[ 49%] Building C object Utilities/cmlibarchive/libarchive/CMakeFiles/cmlibarchive.dir/archive_blake2sp_ref.c.o
[ 49%] Building C object Utilities/cmcurl/lib/CMakeFiles/cmcurl.dir/transfer.c.o
[ 49%] Building C object Utilities/cmcurl/lib/CMakeFiles/cmcurl.dir/url.c.o
[ 49%] Building C object Utilities/cmlibarchive/libarchive/CMakeFiles/cmlibarchive.dir/archive_blake2s_ref.c.o
[ 49%] Building C object Utilities/cmcurl/lib/CMakeFiles/cmcurl.dir/urlapi.c.o
[ 49%] Building C object Utilities/cmcurl/lib/CMakeFiles/cmcurl.dir/version.c.o
[ 49%] Building C object Utilities/cmcurl/lib/CMakeFiles/cmcurl.dir/version_win32.c.o
[ 49%] Building C object Utilities/cmcurl/lib/CMakeFiles/cmcurl.dir/warnless.c.o
[ 49%] Building C object Utilities/cmcurl/lib/CMakeFiles/cmcurl.dir/ws.c.o
[ 49%] Building C object Utilities/cmcurl/lib/CMakeFiles/cmcurl.dir/vauth/cleartext.c.o
[ 50%] Building C object Utilities/cmcurl/lib/CMakeFiles/cmcurl.dir/vauth/cram.c.o
[ 50%] Linking C static library libcmlibarchive.a
[ 50%] Building C object Utilities/cmcurl/lib/CMakeFiles/cmcurl.dir/vauth/digest.c.o
[ 50%] Building C object Utilities/cmcurl/lib/CMakeFiles/cmcurl.dir/vauth/digest_sspi.c.o
[ 50%] Building C object Utilities/cmcurl/lib/CMakeFiles/cmcurl.dir/vauth/gsasl.c.o
[ 50%] Building C object Utilities/cmcurl/lib/CMakeFiles/cmcurl.dir/vauth/krb5_gssapi.c.o
[ 50%] Building C object Utilities/cmcurl/lib/CMakeFiles/cmcurl.dir/vauth/krb5_sspi.c.o
[ 50%] Building C object Utilities/cmcurl/lib/CMakeFiles/cmcurl.dir/vauth/ntlm.c.o
[ 50%] Building C object Utilities/cmcurl/lib/CMakeFiles/cmcurl.dir/vauth/ntlm_sspi.c.o
[ 50%] Building C object Utilities/cmcurl/lib/CMakeFiles/cmcurl.dir/vauth/oauth2.c.o
[ 50%] Building C object Utilities/cmcurl/lib/CMakeFiles/cmcurl.dir/vauth/spnego_gssapi.c.o
[ 50%] Building C object Utilities/cmcurl/lib/CMakeFiles/cmcurl.dir/vauth/spnego_sspi.c.o
[ 50%] Building C object Utilities/cmcurl/lib/CMakeFiles/cmcurl.dir/vauth/vauth.c.o
[ 50%] Built target cmlibarchive
[ 51%] Building C object Utilities/cmcurl/lib/CMakeFiles/cmcurl.dir/vtls/bearssl.c.o
[ 51%] Building C object Utilities/cmcurl/lib/CMakeFiles/cmcurl.dir/vtls/gtls.c.o
[ 51%] Building C object Utilities/cmcurl/lib/CMakeFiles/cmcurl.dir/vtls/hostcheck.c.o
[ 51%] Building C object Utilities/cmcurl/lib/CMakeFiles/cmcurl.dir/vtls/keylog.c.o
[ 51%] Building C object Utilities/cmcurl/lib/CMakeFiles/cmcurl.dir/vtls/openssl.c.o
[ 51%] Building C object Utilities/cmcurl/lib/CMakeFiles/cmcurl.dir/vtls/mbedtls_threadlock.c.o
[ 51%] Building C object Utilities/cmcurl/lib/CMakeFiles/cmcurl.dir/vtls/mbedtls.c.o
[ 51%] Building C object Utilities/cmcurl/lib/CMakeFiles/cmcurl.dir/vtls/rustls.c.o
[ 51%] Building C object Utilities/cmcurl/lib/CMakeFiles/cmcurl.dir/vtls/schannel.c.o
[ 51%] Building C object Utilities/cmcurl/lib/CMakeFiles/cmcurl.dir/vtls/sectransp.c.o
[ 51%] Building C object Utilities/cmcurl/lib/CMakeFiles/cmcurl.dir/vtls/schannel_verify.c.o
[ 51%] Building C object Utilities/cmcurl/lib/CMakeFiles/cmcurl.dir/vtls/vtls.c.o
[ 52%] Building C object Utilities/cmcurl/lib/CMakeFiles/cmcurl.dir/vtls/wolfssl.c.o
[ 52%] Building C object Utilities/cmcurl/lib/CMakeFiles/cmcurl.dir/vquic/curl_msh3.c.o
[ 52%] Building C object Utilities/cmcurl/lib/CMakeFiles/cmcurl.dir/vtls/x509asn1.c.o
[ 52%] Building C object Utilities/cmcurl/lib/CMakeFiles/cmcurl.dir/vquic/curl_ngtcp2.c.o
[ 52%] Building C object Utilities/cmcurl/lib/CMakeFiles/cmcurl.dir/vquic/curl_osslq.c.o
[ 52%] Building C object Utilities/cmcurl/lib/CMakeFiles/cmcurl.dir/vquic/curl_quiche.c.o
[ 52%] Building C object Utilities/cmcurl/lib/CMakeFiles/cmcurl.dir/vquic/vquic.c.o
[ 52%] Building C object Utilities/cmcurl/lib/CMakeFiles/cmcurl.dir/vquic/vquic-tls.c.o
[ 52%] Building C object Utilities/cmcurl/lib/CMakeFiles/cmcurl.dir/vssh/libssh.c.o
[ 52%] Building C object Utilities/cmcurl/lib/CMakeFiles/cmcurl.dir/vssh/libssh2.c.o
[ 52%] Building C object Utilities/cmcurl/lib/CMakeFiles/cmcurl.dir/vssh/wolfssh.c.o
[ 53%] Linking C static library libcmcurl.a
[ 53%] Built target cmcurl
[ 53%] Building C object Utilities/cmcurl/CMakeFiles/curltest.dir/curltest.c.o
[ 53%] Building CXX object Source/CMakeFiles/CMakeLib.dir/LexerParser/cmDependsJavaParser.cxx.o
[ 53%] Building CXX object Source/CMakeFiles/CMakeLib.dir/LexerParser/cmCommandArgumentParser.cxx.o
[ 53%] Building CXX object Source/CMakeFiles/CMakeLib.dir/LexerParser/cmDependsJavaLexer.cxx.o
[ 53%] Building CXX object Source/CMakeFiles/CMakeLib.dir/LexerParser/cmFortranLexer.cxx.o
[ 53%] Building CXX object Source/CMakeFiles/CMakeLib.dir/LexerParser/cmCommandArgumentLexer.cxx.o
[ 53%] Building CXX object Source/CMakeFiles/CMakeLib.dir/LexerParser/cmExprParser.cxx.o
[ 53%] Building CXX object Source/CMakeFiles/CMakeLib.dir/LexerParser/cmExprLexer.cxx.o
[ 53%] Linking C executable curltest
[ 53%] Building CXX object Source/CMakeFiles/CMakeLib.dir/LexerParser/cmFortranParser.cxx.o
[ 53%] Built target curltest
[ 53%] Building CXX object Source/CMakeFiles/CMakeLib.dir/LexerParser/cmGccDepfileLexer.cxx.o
[ 53%] Building C object Source/CMakeFiles/CMakeLib.dir/LexerParser/cmListFileLexer.c.o
[ 53%] Building CXX object Source/CMakeFiles/CMakeLib.dir/cmAffinity.cxx.o
[ 54%] Building CXX object Source/CMakeFiles/CMakeLib.dir/cmArchiveWrite.cxx.o
[ 54%] Building CXX object Source/CMakeFiles/CMakeLib.dir/cmArgumentParser.cxx.o
[ 54%] Building CXX object Source/CMakeFiles/CMakeLib.dir/cmBase32.cxx.o
[ 54%] Building CXX object Source/CMakeFiles/CMakeLib.dir/cmBinUtilsLinker.cxx.o
[ 54%] Building CXX object Source/CMakeFiles/CMakeLib.dir/cmBinUtilsLinuxELFGetRuntimeDependenciesTool.cxx.o
[ 54%] Building CXX object Source/CMakeFiles/CMakeLib.dir/cmBinUtilsLinuxELFLinker.cxx.o
[ 54%] Building CXX object Source/CMakeFiles/CMakeLib.dir/cmBinUtilsLinuxELFObjdumpGetRuntimeDependenciesTool.cxx.o
[ 54%] Building CXX object Source/CMakeFiles/CMakeLib.dir/cmBinUtilsMacOSMachOGetRuntimeDependenciesTool.cxx.o
[ 54%] Building CXX object Source/CMakeFiles/CMakeLib.dir/cmBinUtilsMacOSMachOLinker.cxx.o
[ 54%] Building CXX object Source/CMakeFiles/CMakeLib.dir/cmBinUtilsMacOSMachOOToolGetRuntimeDependenciesTool.cxx.o
[ 54%] Building CXX object Source/CMakeFiles/CMakeLib.dir/cmBinUtilsWindowsPEDumpbinGetRuntimeDependenciesTool.cxx.o
[ 54%] Building CXX object Source/CMakeFiles/CMakeLib.dir/cmBinUtilsWindowsPEGetRuntimeDependenciesTool.cxx.o
[ 55%] Building CXX object Source/CMakeFiles/CMakeLib.dir/cmBinUtilsWindowsPELinker.cxx.o
[ 55%] Building CXX object Source/CMakeFiles/CMakeLib.dir/cmBinUtilsWindowsPEObjdumpGetRuntimeDependenciesTool.cxx.o
[ 55%] Building CXX object Source/CMakeFiles/CMakeLib.dir/cmCacheManager.cxx.o
[ 55%] Building CXX object Source/CMakeFiles/CMakeLib.dir/cmCLocaleEnvironmentScope.cxx.o
[ 55%] Building CXX object Source/CMakeFiles/CMakeLib.dir/cmCMakePath.cxx.o
[ 55%] Building CXX object Source/CMakeFiles/CMakeLib.dir/cmCMakePresetsErrors.cxx.o
[ 55%] Building CXX object Source/CMakeFiles/CMakeLib.dir/cmCMakePresetsGraph.cxx.o
[ 55%] Building CXX object Source/CMakeFiles/CMakeLib.dir/cmCMakePresetsGraphReadJSON.cxx.o
[ 55%] Building CXX object Source/CMakeFiles/CMakeLib.dir/cmCMakePresetsGraphReadJSONBuildPresets.cxx.o
[ 55%] Building CXX object Source/CMakeFiles/CMakeLib.dir/cmCMakePresetsGraphReadJSONConfigurePresets.cxx.o
[ 55%] Building CXX object Source/CMakeFiles/CMakeLib.dir/cmCMakePresetsGraphReadJSONPackagePresets.cxx.o
[ 56%] Building CXX object Source/CMakeFiles/CMakeLib.dir/cmCMakePresetsGraphReadJSONTestPresets.cxx.o
[ 56%] Building CXX object Source/CMakeFiles/CMakeLib.dir/cmCMakePresetsGraphReadJSONWorkflowPresets.cxx.o
[ 56%] Building CXX object Source/CMakeFiles/CMakeLib.dir/cmCommandArgumentParserHelper.cxx.o
[ 56%] Building CXX object Source/CMakeFiles/CMakeLib.dir/cmCommonTargetGenerator.cxx.o
[ 56%] Building CXX object Source/CMakeFiles/CMakeLib.dir/cmComputeComponentGraph.cxx.o
[ 56%] Building CXX object Source/CMakeFiles/CMakeLib.dir/cmComputeLinkDepends.cxx.o
[ 56%] Building CXX object Source/CMakeFiles/CMakeLib.dir/cmComputeLinkInformation.cxx.o
[ 56%] Building CXX object Source/CMakeFiles/CMakeLib.dir/cmComputeTargetDepends.cxx.o
[ 56%] Building CXX object Source/CMakeFiles/CMakeLib.dir/cmConfigureLog.cxx.o
[ 56%] Building CXX object Source/CMakeFiles/CMakeLib.dir/cmConsoleBuf.cxx.o
[ 56%] Building CXX object Source/CMakeFiles/CMakeLib.dir/cmCPackPropertiesGenerator.cxx.o
[ 56%] Building CXX object Source/CMakeFiles/CMakeLib.dir/cmCryptoHash.cxx.o
[ 57%] Building CXX object Source/CMakeFiles/CMakeLib.dir/cmCurl.cxx.o
[ 57%] Building CXX object Source/CMakeFiles/CMakeLib.dir/cmCustomCommand.cxx.o
[ 57%] Building CXX object Source/CMakeFiles/CMakeLib.dir/cmCustomCommandGenerator.cxx.o
[ 57%] Building CXX object Source/CMakeFiles/CMakeLib.dir/cmCustomCommandLines.cxx.o
[ 57%] Building CXX object Source/CMakeFiles/CMakeLib.dir/cmCxxModuleMapper.cxx.o
[ 57%] Building CXX object Source/CMakeFiles/CMakeLib.dir/cmCxxModuleUsageEffects.cxx.o
[ 57%] Building CXX object Source/CMakeFiles/CMakeLib.dir/cmDefinitions.cxx.o
[ 57%] Building CXX object Source/CMakeFiles/CMakeLib.dir/cmDepends.cxx.o
[ 57%] Building CXX object Source/CMakeFiles/CMakeLib.dir/cmDependsC.cxx.o
[ 57%] Building CXX object Source/CMakeFiles/CMakeLib.dir/cmDependsFortran.cxx.o
[ 57%] Building CXX object Source/CMakeFiles/CMakeLib.dir/cmDependsJava.cxx.o
[ 57%] Building CXX object Source/CMakeFiles/CMakeLib.dir/cmDependsJavaParserHelper.cxx.o
[ 58%] Building CXX object Source/CMakeFiles/CMakeLib.dir/cmDependsCompiler.cxx.o
[ 58%] Building CXX object Source/CMakeFiles/CMakeLib.dir/cmDocumentation.cxx.o
[ 58%] Building CXX object Source/CMakeFiles/CMakeLib.dir/cmDocumentationFormatter.cxx.o
[ 58%] Building CXX object Source/CMakeFiles/CMakeLib.dir/cmDynamicLoader.cxx.o
[ 58%] Building CXX object Source/CMakeFiles/CMakeLib.dir/cmDyndepCollation.cxx.o
[ 58%] Building CXX object Source/CMakeFiles/CMakeLib.dir/cmELF.cxx.o
[ 58%] Building CXX object Source/CMakeFiles/CMakeLib.dir/cmEvaluatedTargetProperty.cxx.o
[ 58%] Building CXX object Source/CMakeFiles/CMakeLib.dir/cmExprParserHelper.cxx.o
[ 58%] Building CXX object Source/CMakeFiles/CMakeLib.dir/cmExportBuildAndroidMKGenerator.cxx.o
[ 58%] Building CXX object Source/CMakeFiles/CMakeLib.dir/cmExportBuildFileGenerator.cxx.o
[ 58%] Building CXX object Source/CMakeFiles/CMakeLib.dir/cmExportFileGenerator.cxx.o
[ 59%] Building CXX object Source/CMakeFiles/CMakeLib.dir/cmExportInstallAndroidMKGenerator.cxx.o
[ 59%] Building CXX object Source/CMakeFiles/CMakeLib.dir/cmExportInstallFileGenerator.cxx.o
[ 59%] Building CXX object Source/CMakeFiles/CMakeLib.dir/cmExportTryCompileFileGenerator.cxx.o
[ 59%] Building CXX object Source/CMakeFiles/CMakeLib.dir/cmExportSet.cxx.o
[ 59%] Building CXX object Source/CMakeFiles/CMakeLib.dir/cmExternalMakefileProjectGenerator.cxx.o
[ 59%] Building CXX object Source/CMakeFiles/CMakeLib.dir/cmExtraCodeBlocksGenerator.cxx.o
[ 59%] Building CXX object Source/CMakeFiles/CMakeLib.dir/cmExtraCodeLiteGenerator.cxx.o
[ 59%] Building CXX object Source/CMakeFiles/CMakeLib.dir/cmExtraEclipseCDT4Generator.cxx.o
[ 59%] Building CXX object Source/CMakeFiles/CMakeLib.dir/cmExtraKateGenerator.cxx.o
[ 59%] Building CXX object Source/CMakeFiles/CMakeLib.dir/cmExtraSublimeTextGenerator.cxx.o
[ 59%] Building CXX object Source/CMakeFiles/CMakeLib.dir/cmFileAPI.cxx.o
[ 59%] Building CXX object Source/CMakeFiles/CMakeLib.dir/cmFileAPICache.cxx.o
[ 60%] Building CXX object Source/CMakeFiles/CMakeLib.dir/cmFileAPICodemodel.cxx.o
[ 60%] Building CXX object Source/CMakeFiles/CMakeLib.dir/cmFileAPIConfigureLog.cxx.o
[ 60%] Building CXX object Source/CMakeFiles/CMakeLib.dir/cmFileAPICMakeFiles.cxx.o
[ 60%] Building CXX object Source/CMakeFiles/CMakeLib.dir/cmFileAPICommand.cxx.o
[ 60%] Building CXX object Source/CMakeFiles/CMakeLib.dir/cmFileAPIToolchains.cxx.o
[ 60%] Building CXX object Source/CMakeFiles/CMakeLib.dir/cmFileCopier.cxx.o
[ 60%] Building CXX object Source/CMakeFiles/CMakeLib.dir/cmFileInstaller.cxx.o
[ 60%] Building CXX object Source/CMakeFiles/CMakeLib.dir/cmFileLock.cxx.o
[ 60%] Building CXX object Source/CMakeFiles/CMakeLib.dir/cmFileLockPool.cxx.o
[ 60%] Building CXX object Source/CMakeFiles/CMakeLib.dir/cmFileLockResult.cxx.o
[ 60%] Building CXX object Source/CMakeFiles/CMakeLib.dir/cmFilePathChecksum.cxx.o
[ 60%] Building CXX object Source/CMakeFiles/CMakeLib.dir/cmFileSet.cxx.o
[ 61%] Building CXX object Source/CMakeFiles/CMakeLib.dir/cmFileTime.cxx.o
[ 61%] Building CXX object Source/CMakeFiles/CMakeLib.dir/cmFileTimeCache.cxx.o
[ 61%] Building CXX object Source/CMakeFiles/CMakeLib.dir/cmFileTimes.cxx.o
[ 61%] Building CXX object Source/CMakeFiles/CMakeLib.dir/cmFortranParserImpl.cxx.o
[ 61%] Building CXX object Source/CMakeFiles/CMakeLib.dir/cmFSPermissions.cxx.o
[ 61%] Building CXX object Source/CMakeFiles/CMakeLib.dir/cmGccDepfileLexerHelper.cxx.o
[ 61%] Building CXX object Source/CMakeFiles/CMakeLib.dir/cmGeneratedFileStream.cxx.o
[ 61%] Building CXX object Source/CMakeFiles/CMakeLib.dir/cmGccDepfileReader.cxx.o
[ 61%] Building CXX object Source/CMakeFiles/CMakeLib.dir/cmGeneratorExpressionContext.cxx.o
[ 61%] Building CXX object Source/CMakeFiles/CMakeLib.dir/cmGeneratorExpressionDAGChecker.cxx.o
[ 61%] Building CXX object Source/CMakeFiles/CMakeLib.dir/cmGeneratorExpressionEvaluationFile.cxx.o
[ 62%] Building CXX object Source/CMakeFiles/CMakeLib.dir/cmGeneratorExpressionEvaluator.cxx.o
[ 62%] Building CXX object Source/CMakeFiles/CMakeLib.dir/cmGeneratorExpressionLexer.cxx.o
[ 62%] Building CXX object Source/CMakeFiles/CMakeLib.dir/cmGeneratorExpressionParser.cxx.o
[ 62%] Building CXX object Source/CMakeFiles/CMakeLib.dir/cmGeneratorExpressionNode.cxx.o
[ 62%] Building CXX object Source/CMakeFiles/CMakeLib.dir/cmGeneratorExpression.cxx.o
[ 62%] Building CXX object Source/CMakeFiles/CMakeLib.dir/cmGeneratorTarget.cxx.o
[ 62%] Building CXX object Source/CMakeFiles/CMakeLib.dir/cmLinkItemGraphVisitor.cxx.o
[ 62%] Building CXX object Source/CMakeFiles/CMakeLib.dir/cmGetPipes.cxx.o
[ 62%] Building CXX object Source/CMakeFiles/CMakeLib.dir/cmGlobalCommonGenerator.cxx.o
[ 62%] Building CXX object Source/CMakeFiles/CMakeLib.dir/cmGlobalGenerator.cxx.o
[ 62%] Building CXX object Source/CMakeFiles/CMakeLib.dir/cmGlobalUnixMakefileGenerator3.cxx.o
[ 62%] Building CXX object Source/CMakeFiles/CMakeLib.dir/cmGlobVerificationManager.cxx.o
[ 63%] Building CXX object Source/CMakeFiles/CMakeLib.dir/cmGraphVizWriter.cxx.o
[ 63%] Building CXX object Source/CMakeFiles/CMakeLib.dir/cmImportedCxxModuleInfo.cxx.o
[ 63%] Building CXX object Source/CMakeFiles/CMakeLib.dir/cmInstallGenerator.cxx.o
[ 63%] Building CXX object Source/CMakeFiles/CMakeLib.dir/cmInstallGetRuntimeDependenciesGenerator.cxx.o
[ 63%] Building CXX object Source/CMakeFiles/CMakeLib.dir/cmInstallExportGenerator.cxx.o
[ 63%] Building CXX object Source/CMakeFiles/CMakeLib.dir/cmInstalledFile.cxx.o
[ 63%] Building CXX object Source/CMakeFiles/CMakeLib.dir/cmInstallFileSetGenerator.cxx.o
[ 63%] Building CXX object Source/CMakeFiles/CMakeLib.dir/cmInstallFilesGenerator.cxx.o
[ 63%] Building CXX object Source/CMakeFiles/CMakeLib.dir/cmInstallImportedRuntimeArtifactsGenerator.cxx.o
[ 63%] Building CXX object Source/CMakeFiles/CMakeLib.dir/cmInstallRuntimeDependencySet.cxx.o
[ 63%] Building CXX object Source/CMakeFiles/CMakeLib.dir/cmInstallRuntimeDependencySetGenerator.cxx.o
[ 63%] Building CXX object Source/CMakeFiles/CMakeLib.dir/cmInstallScriptGenerator.cxx.o
[ 64%] Building CXX object Source/CMakeFiles/CMakeLib.dir/cmInstallSubdirectoryGenerator.cxx.o
[ 64%] Building CXX object Source/CMakeFiles/CMakeLib.dir/cmInstallTargetGenerator.cxx.o
[ 64%] Building CXX object Source/CMakeFiles/CMakeLib.dir/cmInstallDirectoryGenerator.cxx.o
[ 64%] Building CXX object Source/CMakeFiles/CMakeLib.dir/cmJSONHelpers.cxx.o
[ 64%] Building CXX object Source/CMakeFiles/CMakeLib.dir/cmJSONState.cxx.o
[ 64%] Building CXX object Source/CMakeFiles/CMakeLib.dir/cmLDConfigLDConfigTool.cxx.o
[ 64%] Building CXX object Source/CMakeFiles/CMakeLib.dir/cmLDConfigTool.cxx.o
[ 64%] Building CXX object Source/CMakeFiles/CMakeLib.dir/cmLinkItem.cxx.o
[ 64%] Building CXX object Source/CMakeFiles/CMakeLib.dir/cmLinkLineComputer.cxx.o
[ 64%] Building CXX object Source/CMakeFiles/CMakeLib.dir/cmLinkLineDeviceComputer.cxx.o
[ 64%] Building CXX object Source/CMakeFiles/CMakeLib.dir/cmList.cxx.o
[ 65%] Building CXX object Source/CMakeFiles/CMakeLib.dir/cmListFileCache.cxx.o
[ 65%] Building CXX object Source/CMakeFiles/CMakeLib.dir/cmLocalCommonGenerator.cxx.o
[ 65%] Building CXX object Source/CMakeFiles/CMakeLib.dir/cmLocalGenerator.cxx.o
[ 65%] Building CXX object Source/CMakeFiles/CMakeLib.dir/cmPlaceholderExpander.cxx.o
[ 65%] Building CXX object Source/CMakeFiles/CMakeLib.dir/cmRulePlaceholderExpander.cxx.o
[ 65%] Building CXX object Source/CMakeFiles/CMakeLib.dir/cmLocalUnixMakefileGenerator3.cxx.o
[ 65%] Building CXX object Source/CMakeFiles/CMakeLib.dir/cmMakefile.cxx.o
[ 65%] Building CXX object Source/CMakeFiles/CMakeLib.dir/cmMakefileTargetGenerator.cxx.o
[ 65%] Building CXX object Source/CMakeFiles/CMakeLib.dir/cmMakefileExecutableTargetGenerator.cxx.o
[ 65%] Building CXX object Source/CMakeFiles/CMakeLib.dir/cmMakefileLibraryTargetGenerator.cxx.o
[ 65%] Building CXX object Source/CMakeFiles/CMakeLib.dir/cmMakefileProfilingData.cxx.o
[ 65%] Building CXX object Source/CMakeFiles/CMakeLib.dir/cmMakefileUtilityTargetGenerator.cxx.o
[ 66%] Building CXX object Source/CMakeFiles/CMakeLib.dir/cmMessenger.cxx.o
[ 66%] Building CXX object Source/CMakeFiles/CMakeLib.dir/cmMSVC60LinkLineComputer.cxx.o
[ 66%] Building CXX object Source/CMakeFiles/CMakeLib.dir/cmOSXBundleGenerator.cxx.o
[ 66%] Building CXX object Source/CMakeFiles/CMakeLib.dir/cmOutputConverter.cxx.o
[ 66%] Building CXX object Source/CMakeFiles/CMakeLib.dir/cmNewLineStyle.cxx.o
[ 66%] Building CXX object Source/CMakeFiles/CMakeLib.dir/cmOrderDirectories.cxx.o
[ 66%] Building CXX object Source/CMakeFiles/CMakeLib.dir/cmPlistParser.cxx.o
[ 66%] Building CXX object Source/CMakeFiles/CMakeLib.dir/cmPolicies.cxx.o
[ 66%] Building CXX object Source/CMakeFiles/CMakeLib.dir/cmProcessOutput.cxx.o
[ 66%] Building CXX object Source/CMakeFiles/CMakeLib.dir/cmProcessTools.cxx.o
[ 66%] Building CXX object Source/CMakeFiles/CMakeLib.dir/cmValue.cxx.o
[ 66%] Building CXX object Source/CMakeFiles/CMakeLib.dir/cmPropertyDefinition.cxx.o
[ 67%] Building CXX object Source/CMakeFiles/CMakeLib.dir/cmPropertyMap.cxx.o
[ 67%] Building CXX object Source/CMakeFiles/CMakeLib.dir/cmQtAutoGen.cxx.o
[ 67%] Building CXX object Source/CMakeFiles/CMakeLib.dir/cmQtAutoGenerator.cxx.o
[ 67%] Building CXX object Source/CMakeFiles/CMakeLib.dir/cmQtAutoGenGlobalInitializer.cxx.o
[ 67%] Building CXX object Source/CMakeFiles/CMakeLib.dir/cmQtAutoGenInitializer.cxx.o
[ 67%] Building CXX object Source/CMakeFiles/CMakeLib.dir/cmQtAutoMocUic.cxx.o
[ 67%] Building CXX object Source/CMakeFiles/CMakeLib.dir/cmQtAutoRcc.cxx.o
[ 67%] Building CXX object Source/CMakeFiles/CMakeLib.dir/cmRST.cxx.o
[ 67%] Building CXX object Source/CMakeFiles/CMakeLib.dir/cmRuntimeDependencyArchive.cxx.o
[ 67%] Building CXX object Source/CMakeFiles/CMakeLib.dir/cmScriptGenerator.cxx.o
[ 67%] Building CXX object Source/CMakeFiles/CMakeLib.dir/cmSourceFile.cxx.o
[ 68%] Building CXX object Source/CMakeFiles/CMakeLib.dir/cmSourceFileLocation.cxx.o
[ 68%] Building CXX object Source/CMakeFiles/CMakeLib.dir/cmSourceGroup.cxx.o
[ 68%] Building CXX object Source/CMakeFiles/CMakeLib.dir/cmStandardLevelResolver.cxx.o
[ 68%] Building CXX object Source/CMakeFiles/CMakeLib.dir/cmState.cxx.o
[ 68%] Building CXX object Source/CMakeFiles/CMakeLib.dir/cmStateDirectory.cxx.o
[ 68%] Building CXX object Source/CMakeFiles/CMakeLib.dir/cmStateSnapshot.cxx.o
[ 68%] Building CXX object Source/CMakeFiles/CMakeLib.dir/cmStringAlgorithms.cxx.o
[ 68%] Building CXX object Source/CMakeFiles/CMakeLib.dir/cmSystemTools.cxx.o
[ 68%] Building CXX object Source/CMakeFiles/CMakeLib.dir/cmTarget.cxx.o
[ 68%] Building CXX object Source/CMakeFiles/CMakeLib.dir/cmTargetPropertyComputer.cxx.o
[ 68%] Building CXX object Source/CMakeFiles/CMakeLib.dir/cmTest.cxx.o
[ 68%] Building CXX object Source/CMakeFiles/CMakeLib.dir/cmTestGenerator.cxx.o
[ 69%] Building CXX object Source/CMakeFiles/CMakeLib.dir/cmTransformDepfile.cxx.o
[ 69%] Building CXX object Source/CMakeFiles/CMakeLib.dir/cmUuid.cxx.o
[ 69%] Building CXX object Source/CMakeFiles/CMakeLib.dir/cmUVHandlePtr.cxx.o
[ 69%] Building CXX object Source/CMakeFiles/CMakeLib.dir/cmUVProcessChain.cxx.o
[ 69%] Building CXX object Source/CMakeFiles/CMakeLib.dir/cmVariableWatch.cxx.o
[ 69%] Building CXX object Source/CMakeFiles/CMakeLib.dir/cmVersion.cxx.o
[ 69%] Building CXX object Source/CMakeFiles/CMakeLib.dir/cmWindowsRegistry.cxx.o
[ 69%] Building CXX object Source/CMakeFiles/CMakeLib.dir/cmWorkerPool.cxx.o
[ 69%] Building CXX object Source/CMakeFiles/CMakeLib.dir/cmWorkingDirectory.cxx.o
[ 69%] Building CXX object Source/CMakeFiles/CMakeLib.dir/cmXcFramework.cxx.o
[ 69%] Building CXX object Source/CMakeFiles/CMakeLib.dir/cmXMLParser.cxx.o
[ 69%] Building CXX object Source/CMakeFiles/CMakeLib.dir/cmXMLSafe.cxx.o
[ 70%] Building CXX object Source/CMakeFiles/CMakeLib.dir/cmXMLWriter.cxx.o
[ 70%] Building CXX object Source/CMakeFiles/CMakeLib.dir/cmake.cxx.o
[ 70%] Building CXX object Source/CMakeFiles/CMakeLib.dir/cmCommand.cxx.o
[ 70%] Building CXX object Source/CMakeFiles/CMakeLib.dir/cmCommands.cxx.o
[ 70%] Building CXX object Source/CMakeFiles/CMakeLib.dir/cmAddCompileDefinitionsCommand.cxx.o
[ 70%] Building CXX object Source/CMakeFiles/CMakeLib.dir/cmAddCompileOptionsCommand.cxx.o
[ 70%] Building CXX object Source/CMakeFiles/CMakeLib.dir/cmAddLinkOptionsCommand.cxx.o
[ 70%] Building CXX object Source/CMakeFiles/CMakeLib.dir/cmAddCustomCommandCommand.cxx.o
[ 70%] Building CXX object Source/CMakeFiles/CMakeLib.dir/cmAddCustomTargetCommand.cxx.o
[ 70%] Building CXX object Source/CMakeFiles/CMakeLib.dir/cmAddDefinitionsCommand.cxx.o
[ 70%] Building CXX object Source/CMakeFiles/CMakeLib.dir/cmAddDependenciesCommand.cxx.o
[ 71%] Building CXX object Source/CMakeFiles/CMakeLib.dir/cmAddExecutableCommand.cxx.o
[ 71%] Building CXX object Source/CMakeFiles/CMakeLib.dir/cmAddLibraryCommand.cxx.o
[ 71%] Building CXX object Source/CMakeFiles/CMakeLib.dir/cmAddSubDirectoryCommand.cxx.o
[ 71%] Building CXX object Source/CMakeFiles/CMakeLib.dir/cmAddTestCommand.cxx.o
[ 71%] Building CXX object Source/CMakeFiles/CMakeLib.dir/cmAuxSourceDirectoryCommand.cxx.o
[ 71%] Building CXX object Source/CMakeFiles/CMakeLib.dir/cmBreakCommand.cxx.o
[ 71%] Building CXX object Source/CMakeFiles/CMakeLib.dir/cmBuildCommand.cxx.o
[ 71%] Building CXX object Source/CMakeFiles/CMakeLib.dir/cmBuildNameCommand.cxx.o
[ 71%] Building CXX object Source/CMakeFiles/CMakeLib.dir/cmCMakeHostSystemInformationCommand.cxx.o
[ 71%] Building CXX object Source/CMakeFiles/CMakeLib.dir/cmCMakeLanguageCommand.cxx.o
[ 71%] Building CXX object Source/CMakeFiles/CMakeLib.dir/cmCMakeMinimumRequired.cxx.o
[ 71%] Building CXX object Source/CMakeFiles/CMakeLib.dir/cmCMakePathCommand.cxx.o
[ 72%] Building CXX object Source/CMakeFiles/CMakeLib.dir/cmCMakePolicyCommand.cxx.o
[ 72%] Building CXX object Source/CMakeFiles/CMakeLib.dir/cmConditionEvaluator.cxx.o
[ 72%] Building CXX object Source/CMakeFiles/CMakeLib.dir/cmConfigureFileCommand.cxx.o
[ 72%] Building CXX object Source/CMakeFiles/CMakeLib.dir/cmContinueCommand.cxx.o
[ 72%] Building CXX object Source/CMakeFiles/CMakeLib.dir/cmCoreTryCompile.cxx.o
[ 72%] Building CXX object Source/CMakeFiles/CMakeLib.dir/cmCreateTestSourceList.cxx.o
[ 72%] Building CXX object Source/CMakeFiles/CMakeLib.dir/cmDefinePropertyCommand.cxx.o
[ 72%] Building CXX object Source/CMakeFiles/CMakeLib.dir/cmEnableLanguageCommand.cxx.o
[ 72%] Building CXX object Source/CMakeFiles/CMakeLib.dir/cmEnableTestingCommand.cxx.o
[ 72%] Building CXX object Source/CMakeFiles/CMakeLib.dir/cmExecProgramCommand.cxx.o
[ 72%] Building CXX object Source/CMakeFiles/CMakeLib.dir/cmExecuteProcessCommand.cxx.o
[ 72%] Building CXX object Source/CMakeFiles/CMakeLib.dir/cmExpandedCommandArgument.cxx.o
[ 73%] Building CXX object Source/CMakeFiles/CMakeLib.dir/cmExperimental.cxx.o
[ 73%] Building CXX object Source/CMakeFiles/CMakeLib.dir/cmExportCommand.cxx.o
[ 73%] Building CXX object Source/CMakeFiles/CMakeLib.dir/cmExportLibraryDependenciesCommand.cxx.o
[ 73%] Building CXX object Source/CMakeFiles/CMakeLib.dir/cmFLTKWrapUICommand.cxx.o
[ 73%] Building CXX object Source/CMakeFiles/CMakeLib.dir/cmFileCommand.cxx.o
[ 73%] Building CXX object Source/CMakeFiles/CMakeLib.dir/cmFindBase.cxx.o
[ 73%] Building CXX object Source/CMakeFiles/CMakeLib.dir/cmFindCommon.cxx.o
[ 73%] Building CXX object Source/CMakeFiles/CMakeLib.dir/cmFindFileCommand.cxx.o
[ 73%] Building CXX object Source/CMakeFiles/CMakeLib.dir/cmFindLibraryCommand.cxx.o
[ 73%] Building CXX object Source/CMakeFiles/CMakeLib.dir/cmFindPackageCommand.cxx.o
[ 73%] Building CXX object Source/CMakeFiles/CMakeLib.dir/cmFindPackageStack.cxx.o
[ 74%] Building CXX object Source/CMakeFiles/CMakeLib.dir/cmFindPathCommand.cxx.o
[ 74%] Building CXX object Source/CMakeFiles/CMakeLib.dir/cmFindProgramCommand.cxx.o
[ 74%] Building CXX object Source/CMakeFiles/CMakeLib.dir/cmForEachCommand.cxx.o
[ 74%] Building CXX object Source/CMakeFiles/CMakeLib.dir/cmBlockCommand.cxx.o
[ 74%] Building CXX object Source/CMakeFiles/CMakeLib.dir/cmFunctionBlocker.cxx.o
[ 74%] Building CXX object Source/CMakeFiles/CMakeLib.dir/cmFunctionCommand.cxx.o
[ 74%] Building CXX object Source/CMakeFiles/CMakeLib.dir/cmGetCMakePropertyCommand.cxx.o
[ 74%] Building CXX object Source/CMakeFiles/CMakeLib.dir/cmGetDirectoryPropertyCommand.cxx.o
[ 74%] Building CXX object Source/CMakeFiles/CMakeLib.dir/cmGetFilenameComponentCommand.cxx.o
[ 74%] Building CXX object Source/CMakeFiles/CMakeLib.dir/cmGetPropertyCommand.cxx.o
[ 74%] Building CXX object Source/CMakeFiles/CMakeLib.dir/cmGetSourceFilePropertyCommand.cxx.o
[ 74%] Building CXX object Source/CMakeFiles/CMakeLib.dir/cmGetTargetPropertyCommand.cxx.o
[ 75%] Building CXX object Source/CMakeFiles/CMakeLib.dir/cmGetTestPropertyCommand.cxx.o
[ 75%] Building CXX object Source/CMakeFiles/CMakeLib.dir/cmHexFileConverter.cxx.o
[ 75%] Building CXX object Source/CMakeFiles/CMakeLib.dir/cmIfCommand.cxx.o
[ 75%] Building CXX object Source/CMakeFiles/CMakeLib.dir/cmIncludeCommand.cxx.o
[ 75%] Building CXX object Source/CMakeFiles/CMakeLib.dir/cmIncludeDirectoryCommand.cxx.o
[ 75%] Building CXX object Source/CMakeFiles/CMakeLib.dir/cmIncludeExternalMSProjectCommand.cxx.o
[ 75%] Building CXX object Source/CMakeFiles/CMakeLib.dir/cmIncludeGuardCommand.cxx.o
[ 75%] Building CXX object Source/CMakeFiles/CMakeLib.dir/cmIncludeRegularExpressionCommand.cxx.o
[ 75%] Building CXX object Source/CMakeFiles/CMakeLib.dir/cmInstallCommand.cxx.o
[ 75%] Building CXX object Source/CMakeFiles/CMakeLib.dir/cmInstallCommandArguments.cxx.o
[ 75%] Building CXX object Source/CMakeFiles/CMakeLib.dir/cmInstallCxxModuleBmiGenerator.cxx.o
[ 75%] Building CXX object Source/CMakeFiles/CMakeLib.dir/cmInstallFilesCommand.cxx.o
[ 76%] Building CXX object Source/CMakeFiles/CMakeLib.dir/cmInstallProgramsCommand.cxx.o
[ 76%] Building CXX object Source/CMakeFiles/CMakeLib.dir/cmInstallTargetsCommand.cxx.o
[ 76%] Building CXX object Source/CMakeFiles/CMakeLib.dir/cmLinkDirectoriesCommand.cxx.o
[ 76%] Building CXX object Source/CMakeFiles/CMakeLib.dir/cmLinkLibrariesCommand.cxx.o
[ 76%] Building CXX object Source/CMakeFiles/CMakeLib.dir/cmListCommand.cxx.o
[ 76%] Building CXX object Source/CMakeFiles/CMakeLib.dir/cmLoadCacheCommand.cxx.o
[ 76%] Building CXX object Source/CMakeFiles/CMakeLib.dir/cmLoadCommandCommand.cxx.o
[ 76%] Building CXX object Source/CMakeFiles/CMakeLib.dir/cmMacroCommand.cxx.o
[ 76%] Building CXX object Source/CMakeFiles/CMakeLib.dir/cmMakeDirectoryCommand.cxx.o
[ 76%] Building CXX object Source/CMakeFiles/CMakeLib.dir/cmMarkAsAdvancedCommand.cxx.o
[ 76%] Building CXX object Source/CMakeFiles/CMakeLib.dir/cmMathCommand.cxx.o
[ 77%] Building CXX object Source/CMakeFiles/CMakeLib.dir/cmMessageCommand.cxx.o
[ 77%] Building CXX object Source/CMakeFiles/CMakeLib.dir/cmOptionCommand.cxx.o
[ 77%] Building CXX object Source/CMakeFiles/CMakeLib.dir/cmOutputRequiredFilesCommand.cxx.o
[ 77%] Building CXX object Source/CMakeFiles/CMakeLib.dir/cmParseArgumentsCommand.cxx.o
[ 77%] Building CXX object Source/CMakeFiles/CMakeLib.dir/cmPathLabel.cxx.o
[ 77%] Building CXX object Source/CMakeFiles/CMakeLib.dir/cmProjectCommand.cxx.o
[ 77%] Building CXX object Source/CMakeFiles/CMakeLib.dir/cmQTWrapCPPCommand.cxx.o
[ 77%] Building CXX object Source/CMakeFiles/CMakeLib.dir/cmQTWrapUICommand.cxx.o
[ 77%] Building CXX object Source/CMakeFiles/CMakeLib.dir/cmRemoveCommand.cxx.o
[ 77%] Building CXX object Source/CMakeFiles/CMakeLib.dir/cmRemoveDefinitionsCommand.cxx.o
[ 77%] Building CXX object Source/CMakeFiles/CMakeLib.dir/cmReturnCommand.cxx.o
[ 77%] Building CXX object Source/CMakeFiles/CMakeLib.dir/cmSearchPath.cxx.o
[ 78%] Building CXX object Source/CMakeFiles/CMakeLib.dir/cmSeparateArgumentsCommand.cxx.o
[ 78%] Building CXX object Source/CMakeFiles/CMakeLib.dir/cmSetCommand.cxx.o
[ 78%] Building CXX object Source/CMakeFiles/CMakeLib.dir/cmSetDirectoryPropertiesCommand.cxx.o
[ 78%] Building CXX object Source/CMakeFiles/CMakeLib.dir/cmSetPropertyCommand.cxx.o
[ 78%] Building CXX object Source/CMakeFiles/CMakeLib.dir/cmSetSourceFilesPropertiesCommand.cxx.o
[ 78%] Building CXX object Source/CMakeFiles/CMakeLib.dir/cmSetTargetPropertiesCommand.cxx.o
[ 78%] Building CXX object Source/CMakeFiles/CMakeLib.dir/cmSetTestsPropertiesCommand.cxx.o
[ 78%] Building CXX object Source/CMakeFiles/CMakeLib.dir/cmSiteNameCommand.cxx.o
[ 78%] Building CXX object Source/CMakeFiles/CMakeLib.dir/cmSourceGroupCommand.cxx.o
[ 78%] Building CXX object Source/CMakeFiles/CMakeLib.dir/cmString.cxx.o
[ 78%] Building CXX object Source/CMakeFiles/CMakeLib.dir/cmStringReplaceHelper.cxx.o
[ 78%] Building CXX object Source/CMakeFiles/CMakeLib.dir/cmStringCommand.cxx.o
[ 79%] Building CXX object Source/CMakeFiles/CMakeLib.dir/cmSubcommandTable.cxx.o
[ 79%] Building CXX object Source/CMakeFiles/CMakeLib.dir/cmSubdirCommand.cxx.o
[ 79%] Building CXX object Source/CMakeFiles/CMakeLib.dir/cmSubdirDependsCommand.cxx.o
[ 79%] Building CXX object Source/CMakeFiles/CMakeLib.dir/cmTargetCompileDefinitionsCommand.cxx.o
[ 79%] Building CXX object Source/CMakeFiles/CMakeLib.dir/cmTargetCompileFeaturesCommand.cxx.o
[ 79%] Building CXX object Source/CMakeFiles/CMakeLib.dir/cmTargetCompileOptionsCommand.cxx.o
[ 79%] Building CXX object Source/CMakeFiles/CMakeLib.dir/cmTargetIncludeDirectoriesCommand.cxx.o
[ 79%] Building CXX object Source/CMakeFiles/CMakeLib.dir/cmTargetLinkOptionsCommand.cxx.o
[ 79%] Building CXX object Source/CMakeFiles/CMakeLib.dir/cmTargetLinkDirectoriesCommand.cxx.o
[ 79%] Building CXX object Source/CMakeFiles/CMakeLib.dir/cmTargetLinkLibrariesCommand.cxx.o
[ 79%] Building CXX object Source/CMakeFiles/CMakeLib.dir/cmTargetPrecompileHeadersCommand.cxx.o
[ 80%] Building CXX object Source/CMakeFiles/CMakeLib.dir/cmTargetPropCommandBase.cxx.o
[ 80%] Building CXX object Source/CMakeFiles/CMakeLib.dir/cmTargetSourcesCommand.cxx.o
[ 80%] Building CXX object Source/CMakeFiles/CMakeLib.dir/cmTimestamp.cxx.o
[ 80%] Building CXX object Source/CMakeFiles/CMakeLib.dir/cmTryCompileCommand.cxx.o
[ 80%] Building CXX object Source/CMakeFiles/CMakeLib.dir/cmTryRunCommand.cxx.o
[ 80%] Building CXX object Source/CMakeFiles/CMakeLib.dir/cmUnsetCommand.cxx.o
[ 80%] Building CXX object Source/CMakeFiles/CMakeLib.dir/cmUseMangledMesaCommand.cxx.o
[ 80%] Building CXX object Source/CMakeFiles/CMakeLib.dir/cmUtilitySourceCommand.cxx.o
[ 80%] Building CXX object Source/CMakeFiles/CMakeLib.dir/cmVariableRequiresCommand.cxx.o
[ 80%] Building CXX object Source/CMakeFiles/CMakeLib.dir/cmVariableWatchCommand.cxx.o
[ 80%] Building CXX object Source/CMakeFiles/CMakeLib.dir/cmWhileCommand.cxx.o
[ 80%] Building CXX object Source/CMakeFiles/CMakeLib.dir/cmWriteFileCommand.cxx.o
[ 81%] Building CXX object Source/CMakeFiles/CMakeLib.dir/cmScanDepFormat.cxx.o
[ 81%] Building CXX object Source/CMakeFiles/CMakeLib.dir/cmGlobalNinjaGenerator.cxx.o
[ 81%] Building CXX object Source/CMakeFiles/CMakeLib.dir/cmLocalNinjaGenerator.cxx.o
[ 81%] Building CXX object Source/CMakeFiles/CMakeLib.dir/cmNinjaTargetGenerator.cxx.o
[ 81%] Building CXX object Source/CMakeFiles/CMakeLib.dir/cmNinjaNormalTargetGenerator.cxx.o
[ 81%] Building CXX object Source/CMakeFiles/CMakeLib.dir/cmNinjaUtilityTargetGenerator.cxx.o
[ 81%] Building CXX object Source/CMakeFiles/CMakeLib.dir/cmNinjaLinkLineComputer.cxx.o
[ 81%] Building CXX object Source/CMakeFiles/CMakeLib.dir/cmNinjaLinkLineDeviceComputer.cxx.o
[ 81%] Building C object Source/CMakeFiles/CMakeLib.dir/cm_get_date.c.o
[ 81%] Building C object Source/CMakeFiles/CMakeLib.dir/cm_utf8.c.o
[ 81%] Building CXX object Source/CMakeFiles/CMakeLib.dir/cm_codecvt.cxx.o
[ 81%] Building CXX object Source/CMakeFiles/CMakeLib.dir/cm_fileno.cxx.o
[ 82%] Building CXX object Source/CMakeFiles/CMakeLib.dir/cmDuration.cxx.o
[ 82%] Building CXX object Source/CMakeFiles/CMakeLib.dir/bindexplib.cxx.o
[ 82%] Building CXX object Source/CMakeFiles/CMakeLib.dir/cmDebuggerAdapter.cxx.o
[ 82%] Building CXX object Source/CMakeFiles/CMakeLib.dir/cmDebuggerBreakpointManager.cxx.o
[ 82%] Building CXX object Source/CMakeFiles/CMakeLib.dir/cmDebuggerExceptionManager.cxx.o
[ 82%] Building CXX object Source/CMakeFiles/CMakeLib.dir/cmDebuggerProtocol.cxx.o
[ 82%] Building CXX object Source/CMakeFiles/CMakeLib.dir/cmDebuggerSourceBreakpoint.cxx.o
[ 82%] Building CXX object Source/CMakeFiles/CMakeLib.dir/cmDebuggerStackFrame.cxx.o
[ 82%] Building CXX object Source/CMakeFiles/CMakeLib.dir/cmDebuggerThread.cxx.o
[ 82%] Building CXX object Source/CMakeFiles/CMakeLib.dir/cmDebuggerThreadManager.cxx.o
[ 82%] Building CXX object Source/CMakeFiles/CMakeLib.dir/cmDebuggerVariables.cxx.o
[ 83%] Building CXX object Source/CMakeFiles/CMakeLib.dir/cmDebuggerVariablesHelper.cxx.o
[ 83%] Building CXX object Source/CMakeFiles/CMakeLib.dir/cmDebuggerVariablesManager.cxx.o
[ 83%] Building CXX object Source/CMakeFiles/CMakeLib.dir/cmDebuggerPosixPipeConnection.cxx.o
[ 83%] Building CXX object Source/CMakeFiles/CMakeLib.dir/cmMachO.cxx.o
[ 83%] Building CXX object Source/CMakeFiles/CMakeLib.dir/cmXCodeObject.cxx.o
[ 83%] Building CXX object Source/CMakeFiles/CMakeLib.dir/cmXCode21Object.cxx.o
[ 83%] Building CXX object Source/CMakeFiles/CMakeLib.dir/cmXCodeScheme.cxx.o
[ 83%] Building CXX object Source/CMakeFiles/CMakeLib.dir/cmGlobalXCodeGenerator.cxx.o
[ 83%] Building CXX object Source/CMakeFiles/CMakeLib.dir/cmLocalXCodeGenerator.cxx.o
[ 83%] Building CXX object Source/CMakeFiles/CMakeLib.dir/cmGlobalWatcomWMakeGenerator.cxx.o
[ 83%] Linking CXX static library libCMakeLib.a
[ 83%] Built target CMakeLib
[ 83%] Building CXX object Source/CursesDialog/CMakeFiles/ccmake.dir/ccmake.cxx.o
[ 83%] Building CXX object Source/CMakeFiles/CTestLib.dir/cmCTest.cxx.o
[ 83%] Building CXX object Tests/CMakeLib/CMakeFiles/testAffinity.dir/testAffinity.cxx.o
[ 84%] Building CXX object Tests/CMakeLib/CMakeFiles/runcompilecommands.dir/run_compile_commands.cxx.o
[ 84%] Building CXX object Source/CMakeFiles/cmake.dir/cmakemain.cxx.o
[ 84%] Building CXX object Tests/CMakeLib/CMakeFiles/testUVProcessChainHelper.dir/testUVProcessChainHelper.cxx.o
[ 84%] Building CXX object Source/CMakeFiles/CPackLib.dir/CPack/cmCPackArchiveGenerator.cxx.o
[ 84%] Building CXX object Tests/CMakeLib/CMakeFiles/testDebuggerNamedPipe.dir/testDebuggerNamedPipe.cxx.o
[ 84%] Linking CXX executable testAffinity
[ 85%] Linking CXX executable testUVProcessChainHelper
[ 85%] Linking CXX executable runcompilecommands
[ 85%] Linking CXX executable testDebuggerNamedPipe
[ 85%] Built target testAffinity
[ 85%] Built target testUVProcessChainHelper
[ 85%] Building CXX object Tests/CMakeLib/PseudoMemcheck/CMakeFiles/pseudo_valgrind.dir/ret0.cxx.o
[ 86%] Building CXX object Tests/CMakeLib/PseudoMemcheck/CMakeFiles/pseudo_purify.dir/ret0.cxx.o
[ 86%] Built target runcompilecommands
[ 86%] Built target testDebuggerNamedPipe
[ 86%] Building CXX object Source/CMakeFiles/CPackLib.dir/CPack/cmCPackComponentGroup.cxx.o
[ 86%] Building CXX object Tests/CMakeLib/PseudoMemcheck/CMakeFiles/pseudo_BC.dir/ret0.cxx.o
[ 86%] Building CXX object Tests/CMakeLib/PseudoMemcheck/CMakeFiles/pseudo_cuda-memcheck.dir/ret0.cxx.o
[ 86%] Building CXX object Source/CursesDialog/CMakeFiles/ccmake.dir/cmCursesBoolWidget.cxx.o
[ 86%] Linking CXX executable valgrind
[ 86%] Building CXX object Source/CMakeFiles/CPackLib.dir/CPack/cmCPackDebGenerator.cxx.o
[ 86%] Linking CXX executable purify
[ 86%] Built target pseudo_valgrind
[ 86%] Linking CXX executable BC
[ 87%] Linking CXX executable cuda-memcheck
[ 87%] Built target pseudo_purify
[ 87%] Building CXX object Source/CMakeFiles/CTestLib.dir/CTest/cmProcess.cxx.o
[ 87%] Building CXX object Tests/CMakeLib/PseudoMemcheck/CMakeFiles/memcheck_fail.dir/ret1.cxx.o
[ 87%] Built target pseudo_cuda-memcheck
[ 87%] Built target pseudo_BC
[ 88%] Building CXX object Source/CursesDialog/CMakeFiles/ccmake.dir/cmCursesCacheEntryComposite.cxx.o
[ 88%] Building CXX object Source/CMakeFiles/cmake.dir/cmcmd.cxx.o
[ 88%] Building CXX object Source/CMakeFiles/CPackLib.dir/CPack/cmCPackExternalGenerator.cxx.o
[ 88%] Linking CXX executable memcheck_fail
[ 88%] Building CXX object Source/CMakeFiles/CTestLib.dir/CTest/cmCTestBinPacker.cxx.o
[ 88%] Built target memcheck_fail
[ 88%] Building CXX object Source/CursesDialog/CMakeFiles/ccmake.dir/cmCursesColor.cxx.o
[ 88%] Building CXX object Source/CMakeFiles/CPackLib.dir/CPack/cmCPackGeneratorFactory.cxx.o
[ 88%] Building CXX object Source/CMakeFiles/CTestLib.dir/CTest/cmCTestBuildAndTestHandler.cxx.o
[ 88%] Building CXX object Source/CMakeFiles/CPackLib.dir/CPack/cmCPackGenerator.cxx.o
[ 88%] Building CXX object Source/CursesDialog/CMakeFiles/ccmake.dir/cmCursesDummyWidget.cxx.o
[ 88%] Building CXX object Source/CMakeFiles/CTestLib.dir/CTest/cmCTestBuildCommand.cxx.o
[ 88%] Building CXX object Source/CursesDialog/CMakeFiles/ccmake.dir/cmCursesFilePathWidget.cxx.o
[ 88%] Building CXX object Source/CMakeFiles/CPackLib.dir/CPack/cmCPackLog.cxx.o
[ 88%] Building CXX object Source/CursesDialog/CMakeFiles/ccmake.dir/cmCursesForm.cxx.o
[ 88%] Building CXX object Source/CMakeFiles/CTestLib.dir/CTest/cmCTestBuildHandler.cxx.o
[ 88%] Building CXX object Source/CursesDialog/CMakeFiles/ccmake.dir/cmCursesLabelWidget.cxx.o
[ 88%] Building CXX object Source/CMakeFiles/CTestLib.dir/CTest/cmCTestConfigureCommand.cxx.o
[ 88%] Building CXX object Source/CursesDialog/CMakeFiles/ccmake.dir/cmCursesLongMessageForm.cxx.o
[ 88%] Building CXX object Source/CursesDialog/CMakeFiles/ccmake.dir/cmCursesMainForm.cxx.o
[ 88%] Linking CXX executable ../bin/cmake
[ 88%] Building CXX object Source/CMakeFiles/CPackLib.dir/CPack/cmCPackInnoSetupGenerator.cxx.o
[ 88%] Building CXX object Source/CMakeFiles/CTestLib.dir/CTest/cmCTestConfigureHandler.cxx.o
[ 88%] Built target cmake
[ 88%] Building CXX object Source/CMakeFiles/CPackLib.dir/CPack/cmCPackNSISGenerator.cxx.o
[ 88%] Building CXX object Source/CursesDialog/CMakeFiles/ccmake.dir/cmCursesOptionsWidget.cxx.o
[ 88%] Building CXX object Source/CMakeFiles/CTestLib.dir/CTest/cmCTestCoverageCommand.cxx.o
[ 88%] Building CXX object Source/CMakeFiles/CPackLib.dir/CPack/cmCPackNuGetGenerator.cxx.o
[ 88%] Building CXX object Source/CMakeFiles/CTestLib.dir/CTest/cmCTestCoverageHandler.cxx.o
[ 89%] Building CXX object Source/CMakeFiles/CPackLib.dir/CPack/cmCPackSTGZGenerator.cxx.o
[ 89%] Building CXX object Source/CMakeFiles/CPackLib.dir/CPack/IFW/cmCPackIFWCommon.cxx.o
[ 89%] Building CXX object Source/CursesDialog/CMakeFiles/ccmake.dir/cmCursesPathWidget.cxx.o
[ 89%] Building CXX object Source/CMakeFiles/CTestLib.dir/CTest/cmCTestCurl.cxx.o
[ 89%] Building CXX object Source/CursesDialog/CMakeFiles/ccmake.dir/cmCursesStringWidget.cxx.o
[ 89%] Building CXX object Source/CMakeFiles/CPackLib.dir/CPack/IFW/cmCPackIFWGenerator.cxx.o
[ 90%] Building CXX object Source/CMakeFiles/CTestLib.dir/CTest/cmParseMumpsCoverage.cxx.o
[ 91%] Building CXX object Source/CursesDialog/CMakeFiles/ccmake.dir/cmCursesWidget.cxx.o
[ 91%] Building CXX object Source/CMakeFiles/CPackLib.dir/CPack/IFW/cmCPackIFWInstaller.cxx.o
[ 91%] Building CXX object Source/CMakeFiles/CTestLib.dir/CTest/cmParseCacheCoverage.cxx.o
[ 91%] Building CXX object Source/CMakeFiles/CPackLib.dir/CPack/IFW/cmCPackIFWPackage.cxx.o
[ 91%] Linking CXX executable ../../bin/ccmake
[ 91%] Building CXX object Source/CMakeFiles/CPackLib.dir/CPack/IFW/cmCPackIFWRepository.cxx.o
[ 91%] Building CXX object Source/CMakeFiles/CPackLib.dir/CPack/cmCPackRPMGenerator.cxx.o
[ 91%] Built target ccmake
[ 91%] Building CXX object Source/CMakeFiles/CTestLib.dir/CTest/cmParseGTMCoverage.cxx.o
[ 91%] Building CXX object Source/CMakeFiles/CPackLib.dir/CPack/cmCPackBundleGenerator.cxx.o
[ 91%] Building CXX object Source/CMakeFiles/CPackLib.dir/CPack/cmCPackPKGGenerator.cxx.o
[ 91%] Building CXX object Source/CMakeFiles/CPackLib.dir/CPack/cmCPackDragNDropGenerator.cxx.o
[ 91%] Building CXX object Source/CMakeFiles/CPackLib.dir/CPack/cmCPackProductBuildGenerator.cxx.o
[ 91%] Building CXX object Source/CMakeFiles/CTestLib.dir/CTest/cmParseJacocoCoverage.cxx.o
[ 91%] Building CXX object Source/CMakeFiles/CTestLib.dir/CTest/cmParseBlanketJSCoverage.cxx.o
[ 91%] Building CXX object Source/CMakeFiles/CTestLib.dir/CTest/cmParsePHPCoverage.cxx.o
[ 91%] Building CXX object Source/CMakeFiles/CTestLib.dir/CTest/cmParseCoberturaCoverage.cxx.o
[ 91%] Building CXX object Source/CMakeFiles/CTestLib.dir/CTest/cmParseDelphiCoverage.cxx.o
[ 91%] Building CXX object Source/CMakeFiles/CTestLib.dir/CTest/cmCTestEmptyBinaryDirectoryCommand.cxx.o
[ 91%] Building CXX object Source/CMakeFiles/CTestLib.dir/CTest/cmCTestGenericHandler.cxx.o
[ 91%] Building CXX object Source/CMakeFiles/CTestLib.dir/CTest/cmCTestHandlerCommand.cxx.o
[ 91%] Building CXX object Source/CMakeFiles/CTestLib.dir/CTest/cmCTestResourceAllocator.cxx.o
[ 92%] Building CXX object Source/CMakeFiles/CTestLib.dir/CTest/cmCTestResourceSpec.cxx.o
[ 92%] Building CXX object Source/CMakeFiles/CTestLib.dir/CTest/cmCTestLaunch.cxx.o
[ 92%] Building CXX object Source/CMakeFiles/CTestLib.dir/CTest/cmCTestLaunchReporter.cxx.o
[ 92%] Building CXX object Source/CMakeFiles/CTestLib.dir/CTest/cmCTestMemCheckCommand.cxx.o
[ 92%] Building CXX object Source/CMakeFiles/CTestLib.dir/CTest/cmCTestMemCheckHandler.cxx.o
[ 93%] Linking CXX static library libCPackLib.a
[ 93%] Building CXX object Source/CMakeFiles/CTestLib.dir/CTest/cmCTestMultiProcessHandler.cxx.o
[ 93%] Built target CPackLib
[ 93%] Building CXX object Source/CMakeFiles/CTestLib.dir/CTest/cmCTestReadCustomFilesCommand.cxx.o
[ 94%] Building CXX object Source/CMakeFiles/cpack.dir/CPack/cpack.cxx.o
[ 94%] Building CXX object Source/CMakeFiles/CTestLib.dir/CTest/cmCTestResourceGroupsLexerHelper.cxx.o
[ 94%] Building CXX object Source/CMakeFiles/CTestLib.dir/CTest/cmCTestRunScriptCommand.cxx.o
[ 94%] Building CXX object Source/CMakeFiles/CTestLib.dir/CTest/cmCTestRunTest.cxx.o
[ 94%] Building CXX object Source/CMakeFiles/CTestLib.dir/CTest/cmCTestScriptHandler.cxx.o
[ 95%] Building CXX object Source/CMakeFiles/CTestLib.dir/CTest/cmCTestSleepCommand.cxx.o
[ 95%] Building CXX object Source/CMakeFiles/CTestLib.dir/CTest/cmCTestStartCommand.cxx.o
[ 95%] Building CXX object Source/CMakeFiles/CTestLib.dir/CTest/cmCTestSubmitCommand.cxx.o
[ 95%] Building CXX object Source/CMakeFiles/CTestLib.dir/CTest/cmCTestSubmitHandler.cxx.o
[ 95%] Building CXX object Source/CMakeFiles/CTestLib.dir/CTest/cmCTestTestCommand.cxx.o
[ 95%] Building CXX object Source/CMakeFiles/CTestLib.dir/CTest/cmCTestTestHandler.cxx.o
[ 95%] Building CXX object Source/CMakeFiles/CTestLib.dir/CTest/cmCTestTestMeasurementXMLParser.cxx.o
[ 95%] Building CXX object Source/CMakeFiles/CTestLib.dir/CTest/cmCTestUpdateCommand.cxx.o
[ 95%] Building CXX object Source/CMakeFiles/CTestLib.dir/CTest/cmCTestUpdateHandler.cxx.o
[ 95%] Linking CXX executable ../bin/cpack
[ 95%] Building CXX object Source/CMakeFiles/CTestLib.dir/CTest/cmCTestUploadCommand.cxx.o
[ 95%] Building CXX object Source/CMakeFiles/CTestLib.dir/CTest/cmCTestUploadHandler.cxx.o
[ 95%] Building CXX object Source/CMakeFiles/CTestLib.dir/CTest/cmCTestVC.cxx.o
[ 95%] Built target cpack
[ 96%] Building CXX object Source/CMakeFiles/CTestLib.dir/CTest/cmCTestGlobalVC.cxx.o
[ 96%] Building CXX object Source/CMakeFiles/CTestLib.dir/CTest/cmCTestCVS.cxx.o
[ 96%] Building CXX object Source/CMakeFiles/CTestLib.dir/CTest/cmCTestSVN.cxx.o
[ 96%] Building CXX object Source/CMakeFiles/CTestLib.dir/CTest/cmCTestGIT.cxx.o
[ 96%] Building CXX object Source/CMakeFiles/CTestLib.dir/CTest/cmCTestBZR.cxx.o
[ 96%] Building CXX object Source/CMakeFiles/CTestLib.dir/CTest/cmCTestHG.cxx.o
[ 96%] Building CXX object Source/CMakeFiles/CTestLib.dir/CTest/cmCTestP4.cxx.o
[ 96%] Building CXX object Source/CMakeFiles/CTestLib.dir/CTest/cmUVJobServerClient.cxx.o
[ 96%] Building CXX object Source/CMakeFiles/CTestLib.dir/LexerParser/cmCTestResourceGroupsLexer.cxx.o
[ 96%] Linking CXX static library libCTestLib.a
[ 96%] Built target CTestLib
[ 96%] Building CXX object Source/CMakeFiles/ctest.dir/ctest.cxx.o
[ 96%] Building CXX object Tests/CMakeLib/CMakeFiles/CMakeLibTests.dir/CMakeLibTests.cxx.o
[ 96%] Building CXX object Tests/RunCMake/CMakeFiles/ctresalloc.dir/CTestResourceAllocation/ctresalloc.cxx.o
[ 96%] Building CXX object Tests/CMakeLib/CMakeFiles/CMakeLibTests.dir/testCTestResourceSpec.cxx.o
[ 96%] Building CXX object Tests/CMakeLib/CMakeFiles/CMakeLibTests.dir/testCTestBinPacker.cxx.o
[ 96%] Building CXX object Tests/CMakeLib/CMakeFiles/CMakeLibTests.dir/testCTestResourceAllocator.cxx.o
[ 97%] Building CXX object Tests/CMakeLib/CMakeFiles/CMakeLibTests.dir/testArgumentParser.cxx.o
[ 97%] Building CXX object Tests/CMakeLib/CMakeFiles/CMakeLibTests.dir/testCTestResourceGroups.cxx.o
[ 97%] Building CXX object Tests/CMakeLib/CMakeFiles/CMakeLibTests.dir/testDebug.cxx.o
[ 97%] Building CXX object Tests/CMakeLib/CMakeFiles/CMakeLibTests.dir/testGccDepfileReader.cxx.o
[ 97%] Building CXX object Tests/CMakeLib/CMakeFiles/CMakeLibTests.dir/testGeneratedFileStream.cxx.o
[ 97%] Linking CXX executable ../bin/ctest
[ 97%] Building CXX object Tests/CMakeLib/CMakeFiles/CMakeLibTests.dir/testRST.cxx.o
[ 97%] Building CXX object Tests/CMakeLib/CMakeFiles/CMakeLibTests.dir/testJSONHelpers.cxx.o
[ 97%] Building CXX object Tests/CMakeLib/CMakeFiles/CMakeLibTests.dir/testRange.cxx.o
[ 97%] Built target ctest
[ 97%] Building CXX object Tests/CMakeLib/CMakeFiles/CMakeLibTests.dir/testOptional.cxx.o
[ 97%] Linking CXX executable ../../bin/ctresalloc
[ 98%] Building CXX object Tests/CMakeLib/CMakeFiles/CMakeLibTests.dir/testString.cxx.o
[ 98%] Building CXX object Tests/CMakeLib/CMakeFiles/CMakeLibTests.dir/testStringAlgorithms.cxx.o
[ 98%] Building CXX object Tests/CMakeLib/CMakeFiles/CMakeLibTests.dir/testSystemTools.cxx.o
[ 98%] Building CXX object Tests/CMakeLib/CMakeFiles/CMakeLibTests.dir/testUTF8.cxx.o
[ 98%] Built target ctresalloc
[ 98%] Building CXX object Tests/CMakeLib/CMakeFiles/CMakeLibTests.dir/testXMLParser.cxx.o
[ 98%] Building CXX object Tests/CMakeLib/CMakeFiles/CMakeLibTests.dir/testXMLSafe.cxx.o
[ 98%] Building CXX object Tests/CMakeLib/CMakeFiles/CMakeLibTests.dir/testFindPackageCommand.cxx.o
[ 98%] Building CXX object Tests/CMakeLib/CMakeFiles/CMakeLibTests.dir/testUVHandlePtr.cxx.o
[ 98%] Building CXX object Tests/CMakeLib/CMakeFiles/CMakeLibTests.dir/testUVProcessChain.cxx.o
[ 98%] Building CXX object Tests/CMakeLib/CMakeFiles/CMakeLibTests.dir/testUVJobServerClient.cxx.o
[ 98%] Building CXX object Tests/CMakeLib/CMakeFiles/CMakeLibTests.dir/testUVRAII.cxx.o
[ 99%] Building CXX object Tests/CMakeLib/CMakeFiles/CMakeLibTests.dir/testUVStreambuf.cxx.o
[ 99%] Building CXX object Tests/CMakeLib/CMakeFiles/CMakeLibTests.dir/testCMExtMemory.cxx.o
[ 99%] Building CXX object Tests/CMakeLib/CMakeFiles/CMakeLibTests.dir/testCMExtAlgorithm.cxx.o
[ 99%] Building CXX object Tests/CMakeLib/CMakeFiles/CMakeLibTests.dir/testCMExtEnumSet.cxx.o
[ 99%] Building CXX object Tests/CMakeLib/CMakeFiles/CMakeLibTests.dir/testList.cxx.o
[ 99%] Building CXX object Tests/CMakeLib/CMakeFiles/CMakeLibTests.dir/testCMakePath.cxx.o
[ 99%] Building CXX object Tests/CMakeLib/CMakeFiles/CMakeLibTests.dir/testDebuggerAdapter.cxx.o
[ 99%] Building CXX object Tests/CMakeLib/CMakeFiles/CMakeLibTests.dir/testDebuggerAdapterPipe.cxx.o
[ 99%] Building CXX object Tests/CMakeLib/CMakeFiles/CMakeLibTests.dir/testDebuggerBreakpointManager.cxx.o
[ 99%] Building CXX object Tests/CMakeLib/CMakeFiles/CMakeLibTests.dir/testDebuggerVariables.cxx.o
[ 99%] Building CXX object Tests/CMakeLib/CMakeFiles/CMakeLibTests.dir/testDebuggerVariablesHelper.cxx.o
[ 99%] Building CXX object Tests/CMakeLib/CMakeFiles/CMakeLibTests.dir/testDebuggerVariablesManager.cxx.o
[100%] Building CXX object Tests/CMakeLib/CMakeFiles/CMakeLibTests.dir/testDebuggerThread.cxx.o
[100%] Linking CXX executable CMakeLibTests
[100%] Built target CMakeLibTests
